Archive member included to satisfy reference by file (symbol)

c:/ac6/systemworkbench/plugins/fr.ac6.mcu.externaltools.arm-none.win32_1.7.0.201602121829/tools/compiler/bin/../lib/gcc/arm-none-eabi/5.2.1/../../../../arm-none-eabi/lib/armv7e-m/fpu\libc_nano.a(lib_a-exit.o)
                              c:/ac6/systemworkbench/plugins/fr.ac6.mcu.externaltools.arm-none.win32_1.7.0.201602121829/tools/compiler/bin/../lib/gcc/arm-none-eabi/5.2.1/../../../../arm-none-eabi/lib/armv7e-m/fpu/crt0.o (exit)
c:/ac6/systemworkbench/plugins/fr.ac6.mcu.externaltools.arm-none.win32_1.7.0.201602121829/tools/compiler/bin/../lib/gcc/arm-none-eabi/5.2.1/../../../../arm-none-eabi/lib/armv7e-m/fpu\libc_nano.a(lib_a-impure.o)
                              c:/ac6/systemworkbench/plugins/fr.ac6.mcu.externaltools.arm-none.win32_1.7.0.201602121829/tools/compiler/bin/../lib/gcc/arm-none-eabi/5.2.1/../../../../arm-none-eabi/lib/armv7e-m/fpu\libc_nano.a(lib_a-exit.o) (_global_impure_ptr)
c:/ac6/systemworkbench/plugins/fr.ac6.mcu.externaltools.arm-none.win32_1.7.0.201602121829/tools/compiler/bin/../lib/gcc/arm-none-eabi/5.2.1/../../../../arm-none-eabi/lib/armv7e-m/fpu\libc_nano.a(lib_a-init.o)
                              c:/ac6/systemworkbench/plugins/fr.ac6.mcu.externaltools.arm-none.win32_1.7.0.201602121829/tools/compiler/bin/../lib/gcc/arm-none-eabi/5.2.1/../../../../arm-none-eabi/lib/armv7e-m/fpu/crt0.o (__libc_init_array)
c:/ac6/systemworkbench/plugins/fr.ac6.mcu.externaltools.arm-none.win32_1.7.0.201602121829/tools/compiler/bin/../lib/gcc/arm-none-eabi/5.2.1/../../../../arm-none-eabi/lib/armv7e-m/fpu\libc_nano.a(lib_a-memcpy-stub.o)
                              Middlewares/Third_Party/FreeRTOS/Source/queue.o (memcpy)
c:/ac6/systemworkbench/plugins/fr.ac6.mcu.externaltools.arm-none.win32_1.7.0.201602121829/tools/compiler/bin/../lib/gcc/arm-none-eabi/5.2.1/../../../../arm-none-eabi/lib/armv7e-m/fpu\libc_nano.a(lib_a-memset.o)
                              c:/ac6/systemworkbench/plugins/fr.ac6.mcu.externaltools.arm-none.win32_1.7.0.201602121829/tools/compiler/bin/../lib/gcc/arm-none-eabi/5.2.1/../../../../arm-none-eabi/lib/armv7e-m/fpu/crt0.o (memset)
c:/ac6/systemworkbench/plugins/fr.ac6.mcu.externaltools.arm-none.win32_1.7.0.201602121829/tools/compiler/bin/../lib/gcc/arm-none-eabi/5.2.1/../../../../arm-none-eabi/lib/armv7e-m/fpu\libc_nano.a(lib_a-sprintf.o)
                              Src/freertos.o (sprintf)
c:/ac6/systemworkbench/plugins/fr.ac6.mcu.externaltools.arm-none.win32_1.7.0.201602121829/tools/compiler/bin/../lib/gcc/arm-none-eabi/5.2.1/../../../../arm-none-eabi/lib/armv7e-m/fpu\libc_nano.a(lib_a-nano-svfprintf.o)
                              c:/ac6/systemworkbench/plugins/fr.ac6.mcu.externaltools.arm-none.win32_1.7.0.201602121829/tools/compiler/bin/../lib/gcc/arm-none-eabi/5.2.1/../../../../arm-none-eabi/lib/armv7e-m/fpu\libc_nano.a(lib_a-sprintf.o) (_svfprintf_r)
c:/ac6/systemworkbench/plugins/fr.ac6.mcu.externaltools.arm-none.win32_1.7.0.201602121829/tools/compiler/bin/../lib/gcc/arm-none-eabi/5.2.1/../../../../arm-none-eabi/lib/armv7e-m/fpu\libc_nano.a(lib_a-nano-vfprintf_i.o)
                              c:/ac6/systemworkbench/plugins/fr.ac6.mcu.externaltools.arm-none.win32_1.7.0.201602121829/tools/compiler/bin/../lib/gcc/arm-none-eabi/5.2.1/../../../../arm-none-eabi/lib/armv7e-m/fpu\libc_nano.a(lib_a-nano-svfprintf.o) (_printf_i)
c:/ac6/systemworkbench/plugins/fr.ac6.mcu.externaltools.arm-none.win32_1.7.0.201602121829/tools/compiler/bin/../lib/gcc/arm-none-eabi/5.2.1/../../../../arm-none-eabi/lib/armv7e-m/fpu\libc_nano.a(lib_a-memchr.o)
                              c:/ac6/systemworkbench/plugins/fr.ac6.mcu.externaltools.arm-none.win32_1.7.0.201602121829/tools/compiler/bin/../lib/gcc/arm-none-eabi/5.2.1/../../../../arm-none-eabi/lib/armv7e-m/fpu\libc_nano.a(lib_a-nano-svfprintf.o) (memchr)
c:/ac6/systemworkbench/plugins/fr.ac6.mcu.externaltools.arm-none.win32_1.7.0.201602121829/tools/compiler/bin/../lib/gcc/arm-none-eabi/5.2.1/../../../../arm-none-eabi/lib/armv7e-m/fpu\libc_nano.a(lib_a-memmove.o)
                              c:/ac6/systemworkbench/plugins/fr.ac6.mcu.externaltools.arm-none.win32_1.7.0.201602121829/tools/compiler/bin/../lib/gcc/arm-none-eabi/5.2.1/../../../../arm-none-eabi/lib/armv7e-m/fpu\libc_nano.a(lib_a-nano-svfprintf.o) (memmove)
c:/ac6/systemworkbench/plugins/fr.ac6.mcu.externaltools.arm-none.win32_1.7.0.201602121829/tools/compiler/bin/../lib/gcc/arm-none-eabi/5.2.1/../../../../arm-none-eabi/lib/armv7e-m/fpu\libc_nano.a(lib_a-nano-freer.o)
                              c:/ac6/systemworkbench/plugins/fr.ac6.mcu.externaltools.arm-none.win32_1.7.0.201602121829/tools/compiler/bin/../lib/gcc/arm-none-eabi/5.2.1/../../../../arm-none-eabi/lib/armv7e-m/fpu\libc_nano.a(lib_a-nano-svfprintf.o) (_free_r)
[...]
Memory Configuration

Name             Origin             Length             Attributes
FLASH            0x08000000         0x00080000         xr
RAM              0x20000000         0x00020000         xrw
*default*        0x00000000         0xffffffff

Linker script and memory map

LOAD c:/ac6/systemworkbench/plugins/fr.ac6.mcu.externaltools.arm-none.win32_1.7.0.201602121829/tools/compiler/bin/../lib/gcc/arm-none-eabi/5.2.1/armv7e-m/fpu/crti.o
LOAD c:/ac6/systemworkbench/plugins/fr.ac6.mcu.externaltools.arm-none.win32_1.7.0.201602121829/tools/compiler/bin/../lib/gcc/arm-none-eabi/5.2.1/armv7e-m/fpu/crtbegin.o
LOAD c:/ac6/systemworkbench/plugins/fr.ac6.mcu.externaltools.arm-none.win32_1.7.0.201602121829/tools/compiler/bin/../lib/gcc/arm-none-eabi/5.2.1/../../../../arm-none-eabi/lib/armv7e-m/fpu/crt0.o
LOAD c:/ac6/systemworkbench/plugins/fr.ac6.mcu.externaltools.arm-none.win32_1.7.0.201602121829/tools/compiler/bin/../lib/gcc/arm-none-eabi/5.2.1/../../../../arm-none-eabi/lib/armv7e-m/fpu\libm.a
LOAD Src/dma.o
LOAD Src/freertos.o
LOAD Src/gpio.o
LOAD Src/main.o
LOAD Src/stm32f4xx_hal_msp.o
LOAD Src/stm32f4xx_hal_timebase_TIM.o
LOAD Src/stm32f4xx_it.o
LOAD Src/usart.o
LOAD Middlewares/Third_Party/FreeRTOS/Source/croutine.o
LOAD Middlewares/Third_Party/FreeRTOS/Source/event_groups.o
LOAD Middlewares/Third_Party/FreeRTOS/Source/list.o
LOAD Middlewares/Third_Party/FreeRTOS/Source/queue.o
LOAD Middlewares/Third_Party/FreeRTOS/Source/tasks.o
LOAD Middlewares/Third_Party/FreeRTOS/Source/timers.o
LOAD Middlewares/Third_Party/FreeRTOS/Source/portable/MemMang/heap_4.o
LOAD Middlewares/Third_Party/FreeRTOS/Source/portable/GCC/ARM_CM4F/port.o
LOAD Middlewares/Third_Party/FreeRTOS/Source/CMSIS_RTOS/cmsis_os.o
LOAD Drivers/STM32F4xx_HAL_Driver/Src/stm32f4xx_hal.o
LOAD Drivers/STM32F4xx_HAL_Driver/Src/stm32f4xx_hal_cortex.o
LOAD Drivers/STM32F4xx_HAL_Driver/Src/stm32f4xx_hal_dma.o
LOAD Drivers/STM32F4xx_HAL_Driver/Src/stm32f4xx_hal_dma_ex.o
LOAD Drivers/STM32F4xx_HAL_Driver/Src/stm32f4xx_hal_flash.o
LOAD Drivers/STM32F4xx_HAL_Driver/Src/stm32f4xx_hal_flash_ex.o
LOAD Drivers/STM32F4xx_HAL_Driver/Src/stm32f4xx_hal_flash_ramfunc.o
LOAD Drivers/STM32F4xx_HAL_Driver/Src/stm32f4xx_hal_gpio.o
LOAD Drivers/STM32F4xx_HAL_Driver/Src/stm32f4xx_hal_pwr.o
LOAD Drivers/STM32F4xx_HAL_Driver/Src/stm32f4xx_hal_pwr_ex.o
LOAD Drivers/STM32F4xx_HAL_Driver/Src/stm32f4xx_hal_rcc.o
LOAD Drivers/STM32F4xx_HAL_Driver/Src/stm32f4xx_hal_rcc_ex.o
LOAD Drivers/STM32F4xx_HAL_Driver/Src/stm32f4xx_hal_tim.o
LOAD Drivers/STM32F4xx_HAL_Driver/Src/stm32f4xx_hal_tim_ex.o
LOAD Drivers/STM32F4xx_HAL_Driver/Src/stm32f4xx_hal_uart.o
LOAD Drivers/CMSIS/Device/ST/STM32F4xx/Source/Templates/system_stm32f4xx.o
LOAD Drivers/CMSIS/Device/ST/STM32F4xx/Source/Templates/gcc/startup_stm32f411xe.o
START GROUP
LOAD c:/ac6/systemworkbench/plugins/fr.ac6.mcu.externaltools.arm-none.win32_1.7.0.201602121829/tools/compiler/bin/../lib/gcc/arm-none-eabi/5.2.1/armv7e-m/fpu\libgcc.a
LOAD c:/ac6/systemworkbench/plugins/fr.ac6.mcu.externaltools.arm-none.win32_1.7.0.201602121829/tools/compiler/bin/../lib/gcc/arm-none-eabi/5.2.1/../../../../arm-none-eabi/lib/armv7e-m/fpu\libc_nano.a
END GROUP
START GROUP
LOAD c:/ac6/systemworkbench/plugins/fr.ac6.mcu.externaltools.arm-none.win32_1.7.0.201602121829/tools/compiler/bin/../lib/gcc/arm-none-eabi/5.2.1/armv7e-m/fpu\libgcc.a
LOAD c:/ac6/systemworkbench/plugins/fr.ac6.mcu.externaltools.arm-none.win32_1.7.0.201602121829/tools/compiler/bin/../lib/gcc/arm-none-eabi/5.2.1/../../../../arm-none-eabi/lib/armv7e-m/fpu\libc_nano.a
LOAD c:/ac6/systemworkbench/plugins/fr.ac6.mcu.externaltools.arm-none.win32_1.7.0.201602121829/tools/compiler/bin/../lib/gcc/arm-none-eabi/5.2.1/../../../../arm-none-eabi/lib/armv7e-m/fpu\libnosys.a
END GROUP
START GROUP
LOAD c:/ac6/systemworkbench/plugins/fr.ac6.mcu.externaltools.arm-none.win32_1.7.0.201602121829/tools/compiler/bin/../lib/gcc/arm-none-eabi/5.2.1/armv7e-m/fpu\libgcc.a
LOAD c:/ac6/systemworkbench/plugins/fr.ac6.mcu.externaltools.arm-none.win32_1.7.0.201602121829/tools/compiler/bin/../lib/gcc/arm-none-eabi/5.2.1/../../../../arm-none-eabi/lib/armv7e-m/fpu\libc_nano.a
LOAD c:/ac6/systemworkbench/plugins/fr.ac6.mcu.externaltools.arm-none.win32_1.7.0.201602121829/tools/compiler/bin/../lib/gcc/arm-none-eabi/5.2.1/../../../../arm-none-eabi/lib/armv7e-m/fpu\libnosys.a
END GROUP
LOAD c:/ac6/systemworkbench/plugins/fr.ac6.mcu.externaltools.arm-none.win32_1.7.0.201602121829/tools/compiler/bin/../lib/gcc/arm-none-eabi/5.2.1/armv7e-m/fpu/crtend.o
LOAD c:/ac6/systemworkbench/plugins/fr.ac6.mcu.externaltools.arm-none.win32_1.7.0.201602121829/tools/compiler/bin/../lib/gcc/arm-none-eabi/5.2.1/armv7e-m/fpu/crtn.o
                0x20020000                _estack = 0x20020000
                0x00000200                _Min_Heap_Size = 0x200
                0x00000400                _Min_Stack_Size = 0x400

.isr_vector     0x08000000      0x198
                0x08000000                . = ALIGN (0x4)
 *(.isr_vector)
 .isr_vector    0x08000000      0x198 Drivers/CMSIS/Device/ST/STM32F4xx/Source/Templates/gcc/startup_stm32f411xe.o
                0x08000000                g_pfnVectors
                0x08000198                . = ALIGN (0x4)

.text           0x080001a0     0x3fec
                0x080001a0                . = ALIGN (0x4)
 *(.text)
 .text          0x080001a0       0xa4 c:/ac6/systemworkbench/plugins/fr.ac6.mcu.externaltools.arm-none.win32_1.7.0.201602121829/tools/compiler/bin/../lib/gcc/arm-none-eabi/5.2.1/armv7e-m/fpu/crtbegin.o
 *fill*         0x08000244        0xc 
 .text          0x08000250       0xa0 c:/ac6/systemworkbench/plugins/fr.ac6.mcu.externaltools.arm-none.win32_1.7.0.201602121829/tools/compiler/bin/../lib/gcc/arm-none-eabi/5.2.1/../../../../arm-none-eabi/lib/armv7e-m/fpu\libc_nano.a(lib_a-memchr.o)
                0x08000250                memchr
 *(.text*)
 .text.MX_DMA_Init
                0x080002f0       0x34 Src/dma.o
                0x080002f0                MX_DMA_Init
 .text.task1    0x08000324        0xa Src/freertos.o
                0x08000324                task1
 *fill*         0x0800032e        0x2 
 .text.task2    0x08000330       0x64 Src/freertos.o
                0x08000330                task2
 .text.task4    0x08000394       0x18 Src/freertos.o
                0x08000394                task4
 .text.taskLed7Seg
                0x080003ac       0xa8 Src/freertos.o
                0x080003ac                taskLed7Seg
 .text.task3    0x08000454       0xc0 Src/freertos.o
                0x08000454                task3
 .text.vApplicationIdleHook
                0x08000514        0x2 Src/freertos.o
                0x08000514                vApplicationIdleHook
 *fill*         0x08000516        0x2 
 .text.MX_FREERTOS_Init
                0x08000518       0xdc Src/freertos.o
                0x08000518                MX_FREERTOS_Init
 .text.HAL_UART_RxCpltCallback
                0x080005f4       0xf0 Src/freertos.o
                0x080005f4                HAL_UART_RxCpltCallback
 .text.HAL_UART_TxCpltCallback
                0x080006e4       0x18 Src/freertos.o
                0x080006e4                HAL_UART_TxCpltCallback
 .text.HAL_UART_ErrorCallback
                0x080006fc       0x98 Src/freertos.o
                0x080006fc                HAL_UART_ErrorCallback
 .text.MX_GPIO_Init
                0x08000794      0x274 Src/gpio.o
                0x08000794                MX_GPIO_Init
 .text.SystemClock_Config
                0x08000a08       0xac Src/main.o
                0x08000a08                SystemClock_Config
 .text.startup.main
                0x08000ab4       0x24 Src/main.o
                0x08000ab4                main
 .text.HAL_TIM_PeriodElapsedCallback
                0x08000ad8       0x14 Src/main.o
                0x08000ad8                HAL_TIM_PeriodElapsedCallback
 .text.Error_Handler
                0x08000aec        0x2 Src/main.o
                0x08000aec                Error_Handler
 .text.HAL_MspInit
                0x08000aee       0x60 Src/stm32f4xx_hal_msp.o
                0x08000aee                HAL_MspInit
 *fill*         0x08000b4e        0x2 
 .text.HAL_InitTick
                0x08000b50       0x7c Src/stm32f4xx_hal_timebase_TIM.o
                0x08000b50                HAL_InitTick
 .text.SysTick_Handler
                0x08000bcc        0x4 Src/stm32f4xx_it.o
                0x08000bcc                SysTick_Handler
 .text.TIM1_UP_TIM10_IRQHandler
                0x08000bd0        0xc Src/stm32f4xx_it.o
                0x08000bd0                TIM1_UP_TIM10_IRQHandler
 .text.USART1_IRQHandler
                0x08000bdc        0xc Src/stm32f4xx_it.o
                0x08000bdc                USART1_IRQHandler
 .text.USART2_IRQHandler
                0x08000be8        0xc Src/stm32f4xx_it.o
                0x08000be8                USART2_IRQHandler
 .text.DMA2_Stream2_IRQHandler
                0x08000bf4        0xc Src/stm32f4xx_it.o
                0x08000bf4                DMA2_Stream2_IRQHandler
 .text.MX_USART1_UART_Init
                0x08000c00       0x38 Src/usart.o
                0x08000c00                MX_USART1_UART_Init
 .text.MX_USART2_UART_Init
                0x08000c38       0x38 Src/usart.o
                0x08000c38                MX_USART2_UART_Init
 .text.HAL_UART_MspInit
                0x08000c70      0x114 Src/usart.o
                0x08000c70                HAL_UART_MspInit
 .text.vListInitialise
                0x08000d84       0x16 Middlewares/Third_Party/FreeRTOS/Source/list.o
                0x08000d84                vListInitialise
 .text.vListInitialiseItem
                0x08000d9a        0x6 Middlewares/Third_Party/FreeRTOS/Source/list.o
                0x08000d9a                vListInitialiseItem
 .text.vListInsertEnd
                0x08000da0       0x18 Middlewares/Third_Party/FreeRTOS/Source/list.o
                0x08000da0                vListInsertEnd
 .text.vListInsert
                0x08000db8       0x30 Middlewares/Third_Party/FreeRTOS/Source/list.o
                0x08000db8                vListInsert
 .text.uxListRemove
                0x08000de8       0x20 Middlewares/Third_Party/FreeRTOS/Source/list.o
                0x08000de8                uxListRemove
 .text.unlikely.prvCopyDataToQueue
                0x08000e08       0x6a Middlewares/Third_Party/FreeRTOS/Source/queue.o
 .text.unlikely.prvCopyDataFromQueue
                0x08000e72       0x2a Middlewares/Third_Party/FreeRTOS/Source/queue.o
 .text.prvUnlockQueue
                0x08000e9c       0x68 Middlewares/Third_Party/FreeRTOS/Source/queue.o
 .text.xQueueGenericReset
                0x08000f04       0x80 Middlewares/Third_Party/FreeRTOS/Source/queue.o
                0x08000f04                xQueueGenericReset
 .text.xQueueGenericCreate
                0x08000f84       0x64 Middlewares/Third_Party/FreeRTOS/Source/queue.o
                0x08000f84                xQueueGenericCreate
 .text.xQueueGenericSend
                0x08000fe8      0x164 Middlewares/Third_Party/FreeRTOS/Source/queue.o
                0x08000fe8                xQueueGenericSend
 .text.xQueueGiveFromISR
                0x0800114c       0xa0 Middlewares/Third_Party/FreeRTOS/Source/queue.o
                0x0800114c                xQueueGiveFromISR
 .text.xQueueGenericReceive
                0x080011ec      0x16c Middlewares/Third_Party/FreeRTOS/Source/queue.o
                0x080011ec                xQueueGenericReceive
 .text.xQueueReceiveFromISR
                0x08001358       0x88 Middlewares/Third_Party/FreeRTOS/Source/queue.o
                0x08001358                xQueueReceiveFromISR
 .text.prvResetNextTaskUnblockTime
                0x080013e0       0x20 Middlewares/Third_Party/FreeRTOS/Source/tasks.o
 .text.prvAddCurrentTaskToDelayedList
                0x08001400       0x38 Middlewares/Third_Party/FreeRTOS/Source/tasks.o
 .text.xTaskGenericCreate.part.5
                0x08001438      0x1a0 Middlewares/Third_Party/FreeRTOS/Source/tasks.o
 .text.vTaskSetTimeOutState.part.7
                0x080015d8       0x12 Middlewares/Third_Party/FreeRTOS/Source/tasks.o
 .text.xTaskGenericCreate
                0x080015ea       0x3c Middlewares/Third_Party/FreeRTOS/Source/tasks.o
                0x080015ea                xTaskGenericCreate
 *fill*         0x08001626        0x2 
 .text.vTaskStartScheduler
                0x08001628       0x68 Middlewares/Third_Party/FreeRTOS/Source/tasks.o
                0x08001628                vTaskStartScheduler
 .text.vTaskSuspendAll
                0x08001690       0x14 Middlewares/Third_Party/FreeRTOS/Source/tasks.o
                0x08001690                vTaskSuspendAll
 .text.xTaskGetTickCount
                0x080016a4        0xc Middlewares/Third_Party/FreeRTOS/Source/tasks.o
                0x080016a4                xTaskGetTickCount
 .text.xTaskGetTickCountFromISR
                0x080016b0       0x10 Middlewares/Third_Party/FreeRTOS/Source/tasks.o
                0x080016b0                xTaskGetTickCountFromISR
 .text.xTaskIncrementTick
                0x080016c0       0xf4 Middlewares/Third_Party/FreeRTOS/Source/tasks.o
                0x080016c0                xTaskIncrementTick
 .text.xTaskResumeAll
                0x080017b4       0xe8 Middlewares/Third_Party/FreeRTOS/Source/tasks.o
                0x080017b4                xTaskResumeAll
 .text.vTaskDelayUntil
                0x0800189c       0xb8 Middlewares/Third_Party/FreeRTOS/Source/tasks.o
                0x0800189c                vTaskDelayUntil
 .text.vTaskDelay
                0x08001954       0x70 Middlewares/Third_Party/FreeRTOS/Source/tasks.o
                0x08001954                vTaskDelay
 .text.prvIdleTask
                0x080019c4       0x74 Middlewares/Third_Party/FreeRTOS/Source/tasks.o
 .text.vTaskSwitchContext
                0x08001a38       0x68 Middlewares/Third_Party/FreeRTOS/Source/tasks.o
                0x08001a38                vTaskSwitchContext
 .text.vTaskPlaceOnEventList
                0x08001aa0       0x68 Middlewares/Third_Party/FreeRTOS/Source/tasks.o
                0x08001aa0                vTaskPlaceOnEventList
 .text.xTaskRemoveFromEventList
                0x08001b08       0x78 Middlewares/Third_Party/FreeRTOS/Source/tasks.o
                0x08001b08                xTaskRemoveFromEventList
 .text.vTaskSetTimeOutState
                0x08001b80       0x1c Middlewares/Third_Party/FreeRTOS/Source/tasks.o
                0x08001b80                vTaskSetTimeOutState
 .text.xTaskCheckForTimeOut
                0x08001b9c       0x70 Middlewares/Third_Party/FreeRTOS/Source/tasks.o
                0x08001b9c                xTaskCheckForTimeOut
 .text.vTaskMissedYield
                0x08001c0c       0x10 Middlewares/Third_Party/FreeRTOS/Source/tasks.o
                0x08001c0c                vTaskMissedYield
 .text.xTaskGetSchedulerState
                0x08001c1c       0x20 Middlewares/Third_Party/FreeRTOS/Source/tasks.o
                0x08001c1c                xTaskGetSchedulerState
 .text.vTaskPriorityInherit
                0x08001c3c       0x94 Middlewares/Third_Party/FreeRTOS/Source/tasks.o
                0x08001c3c                vTaskPriorityInherit
 .text.xTaskPriorityDisinherit
                0x08001cd0       0xa4 Middlewares/Third_Party/FreeRTOS/Source/tasks.o
                0x08001cd0                xTaskPriorityDisinherit
 .text.pvTaskIncrementMutexHeldCount
                0x08001d74       0x18 Middlewares/Third_Party/FreeRTOS/Source/tasks.o
                0x08001d74                pvTaskIncrementMutexHeldCount
 .text.unlikely.prvInsertBlockIntoFreeList
                0x08001d8c       0x44 Middlewares/Third_Party/FreeRTOS/Source/portable/MemMang/heap_4.o
 .text.pvPortMalloc
                0x08001dd0      0x120 Middlewares/Third_Party/FreeRTOS/Source/portable/MemMang/heap_4.o
                0x08001dd0                pvPortMalloc
 .text.vPortFree
                0x08001ef0       0x70 Middlewares/Third_Party/FreeRTOS/Source/portable/MemMang/heap_4.o
                0x08001ef0                vPortFree
 .text.prvTaskExitError
                0x08001f60       0x30 Middlewares/Third_Party/FreeRTOS/Source/portable/GCC/ARM_CM4F/port.o
 .text.prvPortStartFirstTask
                0x08001f90       0x20 Middlewares/Third_Party/FreeRTOS/Source/portable/GCC/ARM_CM4F/port.o
 .text.vPortEnableVFP
                0x08001fb0       0x14 Middlewares/Third_Party/FreeRTOS/Source/portable/GCC/ARM_CM4F/port.o
 .text.pxPortInitialiseStack
                0x08001fc4       0x24 Middlewares/Third_Party/FreeRTOS/Source/portable/GCC/ARM_CM4F/port.o
                0x08001fc4                pxPortInitialiseStack
 .text.SVC_Handler
                0x08001fe8       0x20 Middlewares/Third_Party/FreeRTOS/Source/portable/GCC/ARM_CM4F/port.o
                0x08001fe8                SVC_Handler
 .text.vPortEnterCritical
                0x08002008       0x44 Middlewares/Third_Party/FreeRTOS/Source/portable/GCC/ARM_CM4F/port.o
                0x08002008                vPortEnterCritical
 .text.vPortExitCritical
                0x0800204c       0x28 Middlewares/Third_Party/FreeRTOS/Source/portable/GCC/ARM_CM4F/port.o
                0x0800204c                vPortExitCritical
 .text.PendSV_Handler
                0x08002074       0x60 Middlewares/Third_Party/FreeRTOS/Source/portable/GCC/ARM_CM4F/port.o
                0x08002074                PendSV_Handler
 .text.xPortSysTickHandler
                0x080020d4       0x30 Middlewares/Third_Party/FreeRTOS/Source/portable/GCC/ARM_CM4F/port.o
                0x080020d4                xPortSysTickHandler
 .text.vPortSetupTimerInterrupt
                0x08002104       0x28 Middlewares/Third_Party/FreeRTOS/Source/portable/GCC/ARM_CM4F/port.o
                0x08002104                vPortSetupTimerInterrupt
 .text.xPortStartScheduler
                0x0800212c       0xe4 Middlewares/Third_Party/FreeRTOS/Source/portable/GCC/ARM_CM4F/port.o
                0x0800212c                xPortStartScheduler
 .text.vPortValidateInterruptPriority
                0x08002210       0x54 Middlewares/Third_Party/FreeRTOS/Source/portable/GCC/ARM_CM4F/port.o
                0x08002210                vPortValidateInterruptPriority
 .text.osKernelStart
                0x08002264        0xa Middlewares/Third_Party/FreeRTOS/Source/CMSIS_RTOS/cmsis_os.o
                0x08002264                osKernelStart
 .text.osKernelSysTick
                0x0800226e        0xe Middlewares/Third_Party/FreeRTOS/Source/CMSIS_RTOS/cmsis_os.o
                0x0800226e                osKernelSysTick
 .text.osThreadCreate
                0x0800227c       0x38 Middlewares/Third_Party/FreeRTOS/Source/CMSIS_RTOS/cmsis_os.o
                0x0800227c                osThreadCreate
 .text.osDelay  0x080022b4       0x10 Middlewares/Third_Party/FreeRTOS/Source/CMSIS_RTOS/cmsis_os.o
                0x080022b4                osDelay
 .text.osSemaphoreCreate
                0x080022c4       0x28 Middlewares/Third_Party/FreeRTOS/Source/CMSIS_RTOS/cmsis_os.o
                0x080022c4                osSemaphoreCreate
 .text.osSemaphoreWait
                0x080022ec       0x50 Middlewares/Third_Party/FreeRTOS/Source/CMSIS_RTOS/cmsis_os.o
                0x080022ec                osSemaphoreWait
 .text.osSemaphoreRelease
                0x0800233c       0x48 Middlewares/Third_Party/FreeRTOS/Source/CMSIS_RTOS/cmsis_os.o
                0x0800233c                osSemaphoreRelease
 .text.osSystickHandler
                0x08002384       0x14 Middlewares/Third_Party/FreeRTOS/Source/CMSIS_RTOS/cmsis_os.o
                0x08002384                osSystickHandler
 .text.osDelayUntil
                0x08002398       0x10 Middlewares/Third_Party/FreeRTOS/Source/CMSIS_RTOS/cmsis_os.o
                0x08002398                osDelayUntil
 .text.HAL_Init
                0x080023a8       0x34 Drivers/STM32F4xx_HAL_Driver/Src/stm32f4xx_hal.o
                0x080023a8                HAL_Init
 .text.HAL_IncTick
                0x080023dc       0x10 Drivers/STM32F4xx_HAL_Driver/Src/stm32f4xx_hal.o
                0x080023dc                HAL_IncTick
 .text.HAL_GetTick
                0x080023ec        0xc Drivers/STM32F4xx_HAL_Driver/Src/stm32f4xx_hal.o
                0x080023ec                HAL_GetTick
 .text.HAL_NVIC_SetPriorityGrouping
                0x080023f8       0x24 Drivers/STM32F4xx_HAL_Driver/Src/stm32f4xx_hal_cortex.o
                0x080023f8                HAL_NVIC_SetPriorityGrouping
 .text.HAL_NVIC_SetPriority
                0x0800241c       0x68 Drivers/STM32F4xx_HAL_Driver/Src/stm32f4xx_hal_cortex.o
                0x0800241c                HAL_NVIC_SetPriority
 .text.HAL_NVIC_EnableIRQ
                0x08002484       0x18 Drivers/STM32F4xx_HAL_Driver/Src/stm32f4xx_hal_cortex.o
                0x08002484                HAL_NVIC_EnableIRQ
 .text.HAL_SYSTICK_Config
                0x0800249c       0x2c Drivers/STM32F4xx_HAL_Driver/Src/stm32f4xx_hal_cortex.o
                0x0800249c                HAL_SYSTICK_Config
 .text.HAL_SYSTICK_CLKSourceConfig
                0x080024c8       0x18 Drivers/STM32F4xx_HAL_Driver/Src/stm32f4xx_hal_cortex.o
                0x080024c8                HAL_SYSTICK_CLKSourceConfig
 .text.DMA_CalcBaseAndBitshift
                0x080024e0       0x2c Drivers/STM32F4xx_HAL_Driver/Src/stm32f4xx_hal_dma.o
 .text.HAL_DMA_Init
                0x0800250c       0xec Drivers/STM32F4xx_HAL_Driver/Src/stm32f4xx_hal_dma.o
                0x0800250c                HAL_DMA_Init
 .text.HAL_DMA_Start_IT
                0x080025f8       0x80 Drivers/STM32F4xx_HAL_Driver/Src/stm32f4xx_hal_dma.o
                0x080025f8                HAL_DMA_Start_IT
 .text.HAL_DMA_Abort_IT
                0x08002678       0x24 Drivers/STM32F4xx_HAL_Driver/Src/stm32f4xx_hal_dma.o
                0x08002678                HAL_DMA_Abort_IT
 .text.HAL_DMA_IRQHandler
                0x0800269c      0x17c Drivers/STM32F4xx_HAL_Driver/Src/stm32f4xx_hal_dma.o
                0x0800269c                HAL_DMA_IRQHandler
 .text.HAL_GPIO_Init
                0x08002818      0x19c Drivers/STM32F4xx_HAL_Driver/Src/stm32f4xx_hal_gpio.o
                0x08002818                HAL_GPIO_Init
 .text.HAL_GPIO_WritePin
                0x080029b4        0x8 Drivers/STM32F4xx_HAL_Driver/Src/stm32f4xx_hal_gpio.o
                0x080029b4                HAL_GPIO_WritePin
 .text.HAL_GPIO_TogglePin
                0x080029bc        0x8 Drivers/STM32F4xx_HAL_Driver/Src/stm32f4xx_hal_gpio.o
                0x080029bc                HAL_GPIO_TogglePin
 .text.HAL_RCC_OscConfig
                0x080029c4      0x2d0 Drivers/STM32F4xx_HAL_Driver/Src/stm32f4xx_hal_rcc.o
                0x080029c4                HAL_RCC_OscConfig
 .text.HAL_RCC_GetSysClockFreq
                0x08002c94       0x7c Drivers/STM32F4xx_HAL_Driver/Src/stm32f4xx_hal_rcc.o
                0x08002c94                HAL_RCC_GetSysClockFreq
 .text.HAL_RCC_ClockConfig
                0x08002d10      0x168 Drivers/STM32F4xx_HAL_Driver/Src/stm32f4xx_hal_rcc.o
                0x08002d10                HAL_RCC_ClockConfig
 .text.HAL_RCC_GetHCLKFreq
                0x08002e78        0xc Drivers/STM32F4xx_HAL_Driver/Src/stm32f4xx_hal_rcc.o
                0x08002e78                HAL_RCC_GetHCLKFreq
 .text.HAL_RCC_GetPCLK1Freq
                0x08002e84       0x30 Drivers/STM32F4xx_HAL_Driver/Src/stm32f4xx_hal_rcc.o
                0x08002e84                HAL_RCC_GetPCLK1Freq
 .text.HAL_RCC_GetPCLK2Freq
                0x08002eb4       0x30 Drivers/STM32F4xx_HAL_Driver/Src/stm32f4xx_hal_rcc.o
                0x08002eb4                HAL_RCC_GetPCLK2Freq
 .text.HAL_RCC_GetClockConfig
                0x08002ee4       0x3c Drivers/STM32F4xx_HAL_Driver/Src/stm32f4xx_hal_rcc.o
                0x08002ee4                HAL_RCC_GetClockConfig
 .text.HAL_TIM_Base_MspInit
                0x08002f20        0x2 Drivers/STM32F4xx_HAL_Driver/Src/stm32f4xx_hal_tim.o
                0x08002f20                HAL_TIM_Base_MspInit
 .text.HAL_TIM_Base_Start_IT
                0x08002f22       0x16 Drivers/STM32F4xx_HAL_Driver/Src/stm32f4xx_hal_tim.o
                0x08002f22                HAL_TIM_Base_Start_IT
 .text.HAL_TIM_OC_DelayElapsedCallback
                0x08002f38        0x2 Drivers/STM32F4xx_HAL_Driver/Src/stm32f4xx_hal_tim.o
                0x08002f38                HAL_TIM_OC_DelayElapsedCallback
 .text.HAL_TIM_IC_CaptureCallback
                0x08002f3a        0x2 Drivers/STM32F4xx_HAL_Driver/Src/stm32f4xx_hal_tim.o
                0x08002f3a                HAL_TIM_IC_CaptureCallback
 .text.HAL_TIM_PWM_PulseFinishedCallback
                0x08002f3c        0x2 Drivers/STM32F4xx_HAL_Driver/Src/stm32f4xx_hal_tim.o
                0x08002f3c                HAL_TIM_PWM_PulseFinishedCallback
 .text.HAL_TIM_TriggerCallback
                0x08002f3e        0x2 Drivers/STM32F4xx_HAL_Driver/Src/stm32f4xx_hal_tim.o
                0x08002f3e                HAL_TIM_TriggerCallback
 .text.HAL_TIM_IRQHandler
                0x08002f40      0x144 Drivers/STM32F4xx_HAL_Driver/Src/stm32f4xx_hal_tim.o
                0x08002f40                HAL_TIM_IRQHandler
 .text.TIM_Base_SetConfig
                0x08003084       0x98 Drivers/STM32F4xx_HAL_Driver/Src/stm32f4xx_hal_tim.o
                0x08003084                TIM_Base_SetConfig
 .text.HAL_TIM_Base_Init
                0x0800311c       0x34 Drivers/STM32F4xx_HAL_Driver/Src/stm32f4xx_hal_tim.o
                0x0800311c                HAL_TIM_Base_Init
 .text.HAL_TIMEx_CommutationCallback
                0x08003150        0x2 Drivers/STM32F4xx_HAL_Driver/Src/stm32f4xx_hal_tim_ex.o
                0x08003150                HAL_TIMEx_CommutationCallback
 .text.HAL_TIMEx_BreakCallback
                0x08003152        0x2 Drivers/STM32F4xx_HAL_Driver/Src/stm32f4xx_hal_tim_ex.o
                0x08003152                HAL_TIMEx_BreakCallback
 .text.UART_EndRxTransfer
                0x08003154       0x1a Drivers/STM32F4xx_HAL_Driver/Src/stm32f4xx_hal_uart.o
 *fill*         0x0800316e        0x2 
 .text.UART_SetConfig
                0x08003170      0x23c Drivers/STM32F4xx_HAL_Driver/Src/stm32f4xx_hal_uart.o
 .text.HAL_UART_Init
                0x080033ac       0x5c Drivers/STM32F4xx_HAL_Driver/Src/stm32f4xx_hal_uart.o
                0x080033ac                HAL_UART_Init
 .text.HAL_UART_Transmit_IT
                0x08003408       0x3e Drivers/STM32F4xx_HAL_Driver/Src/stm32f4xx_hal_uart.o
                0x08003408                HAL_UART_Transmit_IT
 .text.HAL_UART_Receive_IT
                0x08003446       0x4e Drivers/STM32F4xx_HAL_Driver/Src/stm32f4xx_hal_uart.o
                0x08003446                HAL_UART_Receive_IT
 .text.HAL_UART_Receive_DMA
                0x08003494       0x80 Drivers/STM32F4xx_HAL_Driver/Src/stm32f4xx_hal_uart.o
                0x08003494                HAL_UART_Receive_DMA
 .text.HAL_UART_DMAPause
                0x08003514       0x5a Drivers/STM32F4xx_HAL_Driver/Src/stm32f4xx_hal_uart.o
                0x08003514                HAL_UART_DMAPause
 .text.HAL_UART_DMAResume
                0x0800356e       0x62 Drivers/STM32F4xx_HAL_Driver/Src/stm32f4xx_hal_uart.o
                0x0800356e                HAL_UART_DMAResume
 .text.UART_DMAReceiveCplt
                0x080035d0       0x38 Drivers/STM32F4xx_HAL_Driver/Src/stm32f4xx_hal_uart.o
 .text.UART_Receive_IT
                0x08003608       0x78 Drivers/STM32F4xx_HAL_Driver/Src/stm32f4xx_hal_uart.o
 .text.HAL_UART_RxHalfCpltCallback
                0x08003680        0x2 Drivers/STM32F4xx_HAL_Driver/Src/stm32f4xx_hal_uart.o
                0x08003680                HAL_UART_RxHalfCpltCallback
 .text.UART_DMARxHalfCplt
                0x08003682        0xa Drivers/STM32F4xx_HAL_Driver/Src/stm32f4xx_hal_uart.o
 .text.UART_DMAError
                0x0800368c       0x4e Drivers/STM32F4xx_HAL_Driver/Src/stm32f4xx_hal_uart.o
 *fill*         0x080036da        0x2 
 .text.HAL_UART_IRQHandler
                0x080036dc      0x144 Drivers/STM32F4xx_HAL_Driver/Src/stm32f4xx_hal_uart.o
                0x080036dc                HAL_UART_IRQHandler
 .text.UART_DMAAbortOnError
                0x08003820       0x10 Drivers/STM32F4xx_HAL_Driver/Src/stm32f4xx_hal_uart.o
 .text.HAL_UART_GetState
                0x08003830        0xc Drivers/STM32F4xx_HAL_Driver/Src/stm32f4xx_hal_uart.o
                0x08003830                HAL_UART_GetState
 .text.SystemInit
                0x0800383c       0x4c Drivers/CMSIS/Device/ST/STM32F4xx/Source/Templates/system_stm32f4xx.o
                0x0800383c                SystemInit
 .text.Reset_Handler
                0x08003888       0x50 Drivers/CMSIS/Device/ST/STM32F4xx/Source/Templates/gcc/startup_stm32f411xe.o
                0x08003888                Reset_Handler
 .text.Default_Handler
                0x080038d8        0x2 Drivers/CMSIS/Device/ST/STM32F4xx/Source/Templates/gcc/startup_stm32f411xe.o
                0x080038d8                RTC_Alarm_IRQHandler
                0x080038d8                EXTI2_IRQHandler
                0x080038d8                DebugMon_Handler
                0x080038d8                SPI4_IRQHandler
                0x080038d8                TIM1_CC_IRQHandler
                0x080038d8                DMA2_Stream5_IRQHandler
                0x080038d8                HardFault_Handler
                0x080038d8                DMA1_Stream5_IRQHandler
                0x080038d8                PVD_IRQHandler
                0x080038d8                SDIO_IRQHandler
                0x080038d8                TAMP_STAMP_IRQHandler
                0x080038d8                NMI_Handler
                0x080038d8                EXTI3_IRQHandler
                0x080038d8                I2C3_ER_IRQHandler
                0x080038d8                EXTI0_IRQHandler
                0x080038d8                I2C2_EV_IRQHandler
                0x080038d8                DMA1_Stream2_IRQHandler
                0x080038d8                FPU_IRQHandler
                0x080038d8                UsageFault_Handler
                0x080038d8                SPI1_IRQHandler
                0x080038d8                TIM1_BRK_TIM9_IRQHandler
                0x080038d8                DMA2_Stream3_IRQHandler
                0x080038d8                USART6_IRQHandler
                0x080038d8                DMA2_Stream0_IRQHandler
                0x080038d8                TIM4_IRQHandler
                0x080038d8                I2C1_EV_IRQHandler
                0x080038d8                DMA1_Stream6_IRQHandler
                0x080038d8                DMA1_Stream1_IRQHandler
                0x080038d8                TIM3_IRQHandler
                0x080038d8                RCC_IRQHandler
                0x080038d8                Default_Handler
                0x080038d8                EXTI15_10_IRQHandler
                0x080038d8                ADC_IRQHandler
                0x080038d8                DMA1_Stream7_IRQHandler
                0x080038d8                SPI5_IRQHandler
                0x080038d8                TIM5_IRQHandler
                0x080038d8                DMA2_Stream7_IRQHandler
                0x080038d8                I2C3_EV_IRQHandler
                0x080038d8                EXTI9_5_IRQHandler
                0x080038d8                RTC_WKUP_IRQHandler
                0x080038d8                SPI2_IRQHandler
                0x080038d8                MemManage_Handler
                0x080038d8                DMA1_Stream0_IRQHandler
                0x080038d8                EXTI4_IRQHandler
                0x080038d8                WWDG_IRQHandler
                0x080038d8                TIM2_IRQHandler
                0x080038d8                OTG_FS_WKUP_IRQHandler
                0x080038d8                TIM1_TRG_COM_TIM11_IRQHandler
                0x080038d8                EXTI1_IRQHandler
                0x080038d8                I2C2_ER_IRQHandler
                0x080038d8                DMA2_Stream1_IRQHandler
                0x080038d8                FLASH_IRQHandler
                0x080038d8                DMA2_Stream4_IRQHandler
                0x080038d8                BusFault_Handler
                0x080038d8                OTG_FS_IRQHandler
                0x080038d8                SPI3_IRQHandler
                0x080038d8                DMA1_Stream4_IRQHandler
                0x080038d8                I2C1_ER_IRQHandler
                0x080038d8                DMA2_Stream6_IRQHandler
                0x080038d8                DMA1_Stream3_IRQHandler
 *fill*         0x080038da        0x2 
 .text.__libc_init_array
                0x080038dc       0x4c c:/ac6/systemworkbench/plugins/fr.ac6.mcu.externaltools.arm-none.win32_1.7.0.201602121829/tools/compiler/bin/../lib/gcc/arm-none-eabi/5.2.1/../../../../arm-none-eabi/lib/armv7e-m/fpu\libc_nano.a(lib_a-init.o)
                0x080038dc                __libc_init_array
 .text.memcpy   0x08003928       0x16 c:/ac6/systemworkbench/plugins/fr.ac6.mcu.externaltools.arm-none.win32_1.7.0.201602121829/tools/compiler/bin/../lib/gcc/arm-none-eabi/5.2.1/../../../../arm-none-eabi/lib/armv7e-m/fpu\libc_nano.a(lib_a-memcpy-stub.o)
                0x08003928                memcpy
 .text.memset   0x0800393e       0x10 c:/ac6/systemworkbench/plugins/fr.ac6.mcu.externaltools.arm-none.win32_1.7.0.201602121829/tools/compiler/bin/../lib/gcc/arm-none-eabi/5.2.1/../../../../arm-none-eabi/lib/armv7e-m/fpu\libc_nano.a(lib_a-memset.o)
                0x0800393e                memset
 *fill*         0x0800394e        0x2 
 .text.sprintf  0x08003950       0x48 c:/ac6/systemworkbench/plugins/fr.ac6.mcu.externaltools.arm-none.win32_1.7.0.201602121829/tools/compiler/bin/../lib/gcc/arm-none-eabi/5.2.1/../../../../arm-none-eabi/lib/armv7e-m/fpu\libc_nano.a(lib_a-sprintf.o)
                0x08003950                siprintf
                0x08003950                sprintf
 .text.__ssputs_r
                0x08003998       0xb2 c:/ac6/systemworkbench/plugins/fr.ac6.mcu.externaltools.arm-none.win32_1.7.0.201602121829/tools/compiler/bin/../lib/gcc/arm-none-eabi/5.2.1/../../../../arm-none-eabi/lib/armv7e-m/fpu\libc_nano.a(lib_a-nano-svfprintf.o)
                0x08003998                __ssputs_r
 *fill*         0x08003a4a        0x2 
 .text._svfprintf_r
                0x08003a4c      0x1e8 c:/ac6/systemworkbench/plugins/fr.ac6.mcu.externaltools.arm-none.win32_1.7.0.201602121829/tools/compiler/bin/../lib/gcc/arm-none-eabi/5.2.1/../../../../arm-none-eabi/lib/armv7e-m/fpu\libc_nano.a(lib_a-nano-svfprintf.o)
                0x08003a4c                _svfiprintf_r
                0x08003a4c                _svfprintf_r
 .text._printf_common
                0x08003c34       0xec c:/ac6/systemworkbench/plugins/fr.ac6.mcu.externaltools.arm-none.win32_1.7.0.201602121829/tools/compiler/bin/../lib/gcc/arm-none-eabi/5.2.1/../../../../arm-none-eabi/lib/armv7e-m/fpu\libc_nano.a(lib_a-nano-vfprintf_i.o)
                0x08003c34                _printf_common
 .text._printf_i
                0x08003d20      0x24c c:/ac6/systemworkbench/plugins/fr.ac6.mcu.externaltools.arm-none.win32_1.7.0.201602121829/tools/compiler/bin/../lib/gcc/arm-none-eabi/5.2.1/../../../../arm-none-eabi/lib/armv7e-m/fpu\libc_nano.a(lib_a-nano-vfprintf_i.o)
                0x08003d20                _printf_i
 .text.memmove  0x08003f6c       0x36 c:/ac6/systemworkbench/plugins/fr.ac6.mcu.externaltools.arm-none.win32_1.7.0.201602121829/tools/compiler/bin/../lib/gcc/arm-none-eabi/5.2.1/../../../../arm-none-eabi/lib/armv7e-m/fpu\libc_nano.a(lib_a-memmove.o)
                0x08003f6c                memmove
 *fill*         0x08003fa2        0x2 
 .text._free_r  0x08003fa4       0x8c c:/ac6/systemworkbench/plugins/fr.ac6.mcu.externaltools.arm-none.win32_1.7.0.201602121829/tools/compiler/bin/../lib/gcc/arm-none-eabi/5.2.1/../../../../arm-none-eabi/lib/armv7e-m/fpu\libc_nano.a(lib_a-nano-freer.o)
                0x08003fa4                _free_r
 .text._malloc_r
                0x08004030       0xa8 c:/ac6/systemworkbench/plugins/fr.ac6.mcu.externaltools.arm-none.win32_1.7.0.201602121829/tools/compiler/bin/../lib/gcc/arm-none-eabi/5.2.1/../../../../arm-none-eabi/lib/armv7e-m/fpu\libc_nano.a(lib_a-nano-mallocr.o)
                0x08004030                _malloc_r
 .text._realloc_r
                0x080040d8       0x4c c:/ac6/systemworkbench/plugins/fr.ac6.mcu.externaltools.arm-none.win32_1.7.0.201602121829/tools/compiler/bin/../lib/gcc/arm-none-eabi/5.2.1/../../../../arm-none-eabi/lib/armv7e-m/fpu\libc_nano.a(lib_a-nano-reallocr.o)
                0x080040d8                _realloc_r
 .text._sbrk_r  0x08004124       0x20 c:/ac6/systemworkbench/plugins/fr.ac6.mcu.externaltools.arm-none.win32_1.7.0.201602121829/tools/compiler/bin/../lib/gcc/arm-none-eabi/5.2.1/../../../../arm-none-eabi/lib/armv7e-m/fpu\libc_nano.a(lib_a-sbrkr.o)
                0x08004124                _sbrk_r
 .text._malloc_usable_size_r
                0x08004144       0x14 c:/ac6/systemworkbench/plugins/fr.ac6.mcu.externaltools.arm-none.win32_1.7.0.201602121829/tools/compiler/bin/../lib/gcc/arm-none-eabi/5.2.1/../../../../arm-none-eabi/lib/armv7e-m/fpu\libc_nano.a(lib_a-nano-msizer.o)
                0x08004144                _malloc_usable_size_r
 .text._sbrk    0x08004158       0x1c c:/ac6/systemworkbench/plugins/fr.ac6.mcu.externaltools.arm-none.win32_1.7.0.201602121829/tools/compiler/bin/../lib/gcc/arm-none-eabi/5.2.1/../../../../arm-none-eabi/lib/armv7e-m/fpu\libnosys.a(sbrk.o)
                0x08004158                _sbrk
 *(.glue_7)
 .glue_7        0x08004174        0x0 linker stubs
 *(.glue_7t)
 .glue_7t       0x08004174        0x0 linker stubs
 *(.eh_frame)
 .eh_frame      0x08004174        0x0 c:/ac6/systemworkbench/plugins/fr.ac6.mcu.externaltools.arm-none.win32_1.7.0.201602121829/tools/compiler/bin/../lib/gcc/arm-none-eabi/5.2.1/armv7e-m/fpu/crtbegin.o
 *(.init)
 .init          0x08004174        0x4 c:/ac6/systemworkbench/plugins/fr.ac6.mcu.externaltools.arm-none.win32_1.7.0.201602121829/tools/compiler/bin/../lib/gcc/arm-none-eabi/5.2.1/armv7e-m/fpu/crti.o
                0x08004174                _init
 .init          0x08004178        0x8 c:/ac6/systemworkbench/plugins/fr.ac6.mcu.externaltools.arm-none.win32_1.7.0.201602121829/tools/compiler/bin/../lib/gcc/arm-none-eabi/5.2.1/armv7e-m/fpu/crtn.o
 *(.fini)
 .fini          0x08004180        0x4 c:/ac6/systemworkbench/plugins/fr.ac6.mcu.externaltools.arm-none.win32_1.7.0.201602121829/tools/compiler/bin/../lib/gcc/arm-none-eabi/5.2.1/armv7e-m/fpu/crti.o
                0x08004180                _fini
 .fini          0x08004184        0x8 c:/ac6/systemworkbench/plugins/fr.ac6.mcu.externaltools.arm-none.win32_1.7.0.201602121829/tools/compiler/bin/../lib/gcc/arm-none-eabi/5.2.1/armv7e-m/fpu/crtn.o
                0x0800418c                . = ALIGN (0x4)
                0x0800418c                _etext = .

.vfp11_veneer   0x0800418c        0x0
 .vfp11_veneer  0x0800418c        0x0 linker stubs

.v4_bx          0x0800418c        0x0
 .v4_bx         0x0800418c        0x0 linker stubs

.iplt           0x0800418c        0x0
 .iplt          0x0800418c        0x0 c:/ac6/systemworkbench/plugins/fr.ac6.mcu.externaltools.arm-none.win32_1.7.0.201602121829/tools/compiler/bin/../lib/gcc/arm-none-eabi/5.2.1/armv7e-m/fpu/crtbegin.o

.rodata         0x0800418c      0x110
                0x0800418c                . = ALIGN (0x4)
 *(.rodata)
 .rodata        0x0800418c       0x64 Src/freertos.o
 .rodata        0x080041f0        0x8 Drivers/STM32F4xx_HAL_Driver/Src/stm32f4xx_hal_dma.o
 .rodata        0x080041f8       0x10 Drivers/STM32F4xx_HAL_Driver/Src/stm32f4xx_hal_rcc.o
                0x080041f8                APBAHBPrescTable
 *(.rodata*)
 .rodata.str1.1
                0x08004208       0x58 Src/freertos.o
 .rodata.str1.1
                0x08004260        0x5 Middlewares/Third_Party/FreeRTOS/Source/tasks.o
 .rodata.str1.1
                0x08004265        0x2 c:/ac6/systemworkbench/plugins/fr.ac6.mcu.externaltools.arm-none.win32_1.7.0.201602121829/tools/compiler/bin/../lib/gcc/arm-none-eabi/5.2.1/../../../../arm-none-eabi/lib/armv7e-m/fpu\libc_nano.a(lib_a-impure.o)
 .rodata.str1.1
                0x08004267       0x11 c:/ac6/systemworkbench/plugins/fr.ac6.mcu.externaltools.arm-none.win32_1.7.0.201602121829/tools/compiler/bin/../lib/gcc/arm-none-eabi/5.2.1/../../../../arm-none-eabi/lib/armv7e-m/fpu\libc_nano.a(lib_a-nano-svfprintf.o)
 .rodata.str1.1
                0x08004278       0x22 c:/ac6/systemworkbench/plugins/fr.ac6.mcu.externaltools.arm-none.win32_1.7.0.201602121829/tools/compiler/bin/../lib/gcc/arm-none-eabi/5.2.1/../../../../arm-none-eabi/lib/armv7e-m/fpu\libc_nano.a(lib_a-nano-vfprintf_i.o)
                0x0800429c                . = ALIGN (0x4)
 *fill*         0x0800429a        0x2 

.rel.dyn        0x0800429c        0x0
 .rel.iplt      0x0800429c        0x0 c:/ac6/systemworkbench/plugins/fr.ac6.mcu.externaltools.arm-none.win32_1.7.0.201602121829/tools/compiler/bin/../lib/gcc/arm-none-eabi/5.2.1/armv7e-m/fpu/crtbegin.o

.ARM.extab
 *(.ARM.extab* .gnu.linkonce.armextab.*)

.ARM            0x0800429c        0x0
                0x0800429c                __exidx_start = .
 *(.ARM.exidx*)
                0x0800429c                __exidx_end = .

.preinit_array  0x0800429c        0x0
                0x0800429c                PROVIDE (__preinit_array_start, .)
 *(.preinit_array*)
                0x0800429c                PROVIDE (__preinit_array_end, .)

.init_array     0x0800429c        0x4
                0x0800429c                PROVIDE (__init_array_start, .)
 *(SORT(.init_array.*))
 *(.init_array*)
 .init_array    0x0800429c        0x4 c:/ac6/systemworkbench/plugins/fr.ac6.mcu.externaltools.arm-none.win32_1.7.0.201602121829/tools/compiler/bin/../lib/gcc/arm-none-eabi/5.2.1/armv7e-m/fpu/crtbegin.o
                0x080042a0                PROVIDE (__init_array_end, .)

.fini_array     0x080042a0        0x4
                [!provide]                PROVIDE (__fini_array_start, .)
 *(SORT(.fini_array.*))
 *(.fini_array*)
 .fini_array    0x080042a0        0x4 c:/ac6/systemworkbench/plugins/fr.ac6.mcu.externaltools.arm-none.win32_1.7.0.201602121829/tools/compiler/bin/../lib/gcc/arm-none-eabi/5.2.1/armv7e-m/fpu/crtbegin.o
                [!provide]                PROVIDE (__fini_array_end, .)
                0x080042a4                _sidata = LOADADDR (.data)

.data           0x20000000       0x6c load address 0x080042a4
                0x20000000                . = ALIGN (0x4)
                0x20000000                _sdata = .
 *(.data)
 .data          0x20000000        0x4 Middlewares/Third_Party/FreeRTOS/Source/portable/GCC/ARM_CM4F/port.o
 .data          0x20000004        0x4 Drivers/CMSIS/Device/ST/STM32F4xx/Source/Templates/system_stm32f4xx.o
                0x20000004                SystemCoreClock
 *(.data*)
 .data.impure_data
                0x20000008       0x60 c:/ac6/systemworkbench/plugins/fr.ac6.mcu.externaltools.arm-none.win32_1.7.0.201602121829/tools/compiler/bin/../lib/gcc/arm-none-eabi/5.2.1/../../../../arm-none-eabi/lib/armv7e-m/fpu\libc_nano.a(lib_a-impure.o)
 .data._impure_ptr
                0x20000068        0x4 c:/ac6/systemworkbench/plugins/fr.ac6.mcu.externaltools.arm-none.win32_1.7.0.201602121829/tools/compiler/bin/../lib/gcc/arm-none-eabi/5.2.1/../../../../arm-none-eabi/lib/armv7e-m/fpu\libc_nano.a(lib_a-impure.o)
                0x20000068                _impure_ptr
                0x2000006c                . = ALIGN (0x4)
                0x2000006c                _edata = .

.jcr            0x2000006c        0x0 load address 0x08004310
 .jcr           0x2000006c        0x0 c:/ac6/systemworkbench/plugins/fr.ac6.mcu.externaltools.arm-none.win32_1.7.0.201602121829/tools/compiler/bin/../lib/gcc/arm-none-eabi/5.2.1/armv7e-m/fpu/crtbegin.o

.tm_clone_table
                0x2000006c        0x0 load address 0x08004310
 .tm_clone_table
                0x2000006c        0x0 c:/ac6/systemworkbench/plugins/fr.ac6.mcu.externaltools.arm-none.win32_1.7.0.201602121829/tools/compiler/bin/../lib/gcc/arm-none-eabi/5.2.1/armv7e-m/fpu/crtbegin.o
 .tm_clone_table
                0x2000006c        0x0 c:/ac6/systemworkbench/plugins/fr.ac6.mcu.externaltools.arm-none.win32_1.7.0.201602121829/tools/compiler/bin/../lib/gcc/arm-none-eabi/5.2.1/armv7e-m/fpu/crtend.o

.igot.plt       0x2000006c        0x0 load address 0x08004310
 .igot.plt      0x2000006c        0x0 c:/ac6/systemworkbench/plugins/fr.ac6.mcu.externaltools.arm-none.win32_1.7.0.201602121829/tools/compiler/bin/../lib/gcc/arm-none-eabi/5.2.1/armv7e-m/fpu/crtbegin.o
                0x2000006c                . = ALIGN (0x4)

.bss            0x2000006c     0x40ec load address 0x08004310
                0x2000006c                _sbss = .
                0x2000006c                __bss_start__ = _sbss
 *(.bss)
 .bss           0x2000006c       0x1c c:/ac6/systemworkbench/plugins/fr.ac6.mcu.externaltools.arm-none.win32_1.7.0.201602121829/tools/compiler/bin/../lib/gcc/arm-none-eabi/5.2.1/armv7e-m/fpu/crtbegin.o
 .bss           0x20000088      0x112 Src/freertos.o
                0x20000088                txDone
                0x2000008c                licznikBussyRx
 *fill*         0x2000019a        0x2 
 .bss           0x2000019c      0x128 Middlewares/Third_Party/FreeRTOS/Source/tasks.o
                0x200001a4                pxCurrentTCB
 .bss           0x200002c4     0x3c18 Middlewares/Third_Party/FreeRTOS/Source/portable/MemMang/heap_4.o
 .bss           0x20003edc        0x8 Middlewares/Third_Party/FreeRTOS/Source/portable/GCC/ARM_CM4F/port.o
 *(.bss*)
 .bss.__malloc_sbrk_start
                0x20003ee4        0x4 c:/ac6/systemworkbench/plugins/fr.ac6.mcu.externaltools.arm-none.win32_1.7.0.201602121829/tools/compiler/bin/../lib/gcc/arm-none-eabi/5.2.1/../../../../arm-none-eabi/lib/armv7e-m/fpu\libc_nano.a(lib_a-nano-mallocr.o)
                0x20003ee4                __malloc_sbrk_start
 .bss.__malloc_free_list
                0x20003ee8        0x4 c:/ac6/systemworkbench/plugins/fr.ac6.mcu.externaltools.arm-none.win32_1.7.0.201602121829/tools/compiler/bin/../lib/gcc/arm-none-eabi/5.2.1/../../../../arm-none-eabi/lib/armv7e-m/fpu\libc_nano.a(lib_a-nano-mallocr.o)
                0x20003ee8                __malloc_free_list
 .bss.heap_end.4169
                0x20003eec        0x4 c:/ac6/systemworkbench/plugins/fr.ac6.mcu.externaltools.arm-none.win32_1.7.0.201602121829/tools/compiler/bin/../lib/gcc/arm-none-eabi/5.2.1/../../../../arm-none-eabi/lib/armv7e-m/fpu\libnosys.a(sbrk.o)
 *(COMMON)
 COMMON         0x20003ef0      0x144 Src/freertos.o
                0x20003ef0                testBinarySemHandle
                0x20003ef4                recivingRxFlag
                0x20003ef5                Transfer_cplt
                0x20003ef6                Rx_indx
                0x20003ef7                idxTest
                0x20003ef8                Rx_data
                0x20003efa                timeDelayRxFlag
                0x20003efc                astan
                0x20003f00                Task1Handle
                0x20003f04                Task4Handle
                0x20003f08                buffer
                0x20003f12                Rx_Buffer
                0x20004014                taskLed7SegHandle
                0x20004018                myBinarySem01Handle
                0x2000401c                Task3Handle
                0x20004020                Task2Handle
                0x20004024                UartErrorCount
                0x20004028                licznikRXBussyState
                0x2000402c                statusTX
                0x20004030                statusRX
 COMMON         0x20004034       0x3c Src/stm32f4xx_hal_timebase_TIM.o
                0x20004034                htim1
 COMMON         0x20004070       0xe0 Src/usart.o
                0x20004070                hdma_usart1_rx
                0x200040d0                huart1
                0x20004110                huart2
 COMMON         0x20004150        0x4 Drivers/STM32F4xx_HAL_Driver/Src/stm32f4xx_hal.o
                0x20004150                uwTick
 COMMON         0x20004154        0x4 c:/ac6/systemworkbench/plugins/fr.ac6.mcu.externaltools.arm-none.win32_1.7.0.201602121829/tools/compiler/bin/../lib/gcc/arm-none-eabi/5.2.1/../../../../arm-none-eabi/lib/armv7e-m/fpu\libc_nano.a(lib_a-reent.o)
                0x20004154                errno
                0x20004158                . = ALIGN (0x4)
                0x20004158                _ebss = .
                0x20004158                __bss_end__ = _ebss

._user_heap_stack
                0x20004158      0x600 load address 0x08004310
                0x20004158                . = ALIGN (0x8)
                0x20004158                PROVIDE (end, .)
                [!provide]                PROVIDE (_end, .)
                0x20004358                . = (. + _Min_Heap_Size)
 *fill*         0x20004158      0x200 
                0x20004758                . = (. + _Min_Stack_Size)
 *fill*         0x20004358      0x400 
                0x20004758                . = ALIGN (0x8)

/DISCARD/
 libc.a(*)
 libm.a(*)
 libgcc.a(*)

.ARM.attributes
                0x00000000       0x30
 *(.ARM.attributes)
 .ARM.attributes
                0x00000000       0x22 c:/ac6/systemworkbench/plugins/fr.ac6.mcu.externaltools.arm-none.win32_1.7.0.201602121829/tools/compiler/bin/../lib/gcc/arm-none-eabi/5.2.1/armv7e-m/fpu/crti.o
 .ARM.attributes
                0x00000022       0x34 c:/ac6/systemworkbench/plugins/fr.ac6.mcu.externaltools.arm-none.win32_1.7.0.201602121829/tools/compiler/bin/../lib/gcc/arm-none-eabi/5.2.1/armv7e-m/fpu/crtbegin.o
 .ARM.attributes
                0x00000056       0x39 Src/dma.o
 .ARM.attributes
                0x0000008f       0x39 Src/freertos.o
 .ARM.attributes
                0x000000c8       0x39 Src/gpio.o
 .ARM.attributes
                0x00000101       0x39 Src/main.o
 .ARM.attributes
                0x0000013a       0x39 Src/stm32f4xx_hal_msp.o
 .ARM.attributes
                0x00000173       0x39 Src/stm32f4xx_hal_timebase_TIM.o
 .ARM.attributes
                0x000001ac       0x39 Src/stm32f4xx_it.o
 .ARM.attributes
                0x000001e5       0x39 Src/usart.o
 .ARM.attributes
                0x0000021e       0x39 Middlewares/Third_Party/FreeRTOS/Source/list.o
 .ARM.attributes
                0x00000257       0x39 Middlewares/Third_Party/FreeRTOS/Source/queue.o
 .ARM.attributes
                0x00000290       0x39 Middlewares/Third_Party/FreeRTOS/Source/tasks.o
 .ARM.attributes
                0x000002c9       0x39 Middlewares/Third_Party/FreeRTOS/Source/portable/MemMang/heap_4.o
 .ARM.attributes
                0x00000302       0x39 Middlewares/Third_Party/FreeRTOS/Source/portable/GCC/ARM_CM4F/port.o
 .ARM.attributes
                0x0000033b       0x39 Middlewares/Third_Party/FreeRTOS/Source/CMSIS_RTOS/cmsis_os.o
 .ARM.attributes
                0x00000374       0x39 Drivers/STM32F4xx_HAL_Driver/Src/stm32f4xx_hal.o
 .ARM.attributes
                0x000003ad       0x39 Drivers/STM32F4xx_HAL_Driver/Src/stm32f4xx_hal_cortex.o
 .ARM.attributes
                0x000003e6       0x39 Drivers/STM32F4xx_HAL_Driver/Src/stm32f4xx_hal_dma.o
 .ARM.attributes
                0x0000041f       0x39 Drivers/STM32F4xx_HAL_Driver/Src/stm32f4xx_hal_gpio.o
 .ARM.attributes
                0x00000458       0x39 Drivers/STM32F4xx_HAL_Driver/Src/stm32f4xx_hal_rcc.o
 .ARM.attributes
                0x00000491       0x39 Drivers/STM32F4xx_HAL_Driver/Src/stm32f4xx_hal_tim.o
 .ARM.attributes
                0x000004ca       0x39 Drivers/STM32F4xx_HAL_Driver/Src/stm32f4xx_hal_tim_ex.o
 .ARM.attributes
                0x00000503       0x39 Drivers/STM32F4xx_HAL_Driver/Src/stm32f4xx_hal_uart.o
 .ARM.attributes
                0x0000053c       0x39 Drivers/CMSIS/Device/ST/STM32F4xx/Source/Templates/system_stm32f4xx.o
 .ARM.attributes
                0x00000575       0x21 Drivers/CMSIS/Device/ST/STM32F4xx/Source/Templates/gcc/startup_stm32f411xe.o
 .ARM.attributes
                0x00000596       0x34 c:/ac6/systemworkbench/plugins/fr.ac6.mcu.externaltools.arm-none.win32_1.7.0.201602121829/tools/compiler/bin/../lib/gcc/arm-none-eabi/5.2.1/../../../../arm-none-eabi/lib/armv7e-m/fpu\libc_nano.a(lib_a-impure.o)
 .ARM.attributes
                0x000005ca       0x34 c:/ac6/systemworkbench/plugins/fr.ac6.mcu.externaltools.arm-none.win32_1.7.0.201602121829/tools/compiler/bin/../lib/gcc/arm-none-eabi/5.2.1/../../../../arm-none-eabi/lib/armv7e-m/fpu\libc_nano.a(lib_a-init.o)
 .ARM.attributes
                0x000005fe       0x34 c:/ac6/systemworkbench/plugins/fr.ac6.mcu.externaltools.arm-none.win32_1.7.0.201602121829/tools/compiler/bin/../lib/gcc/arm-none-eabi/5.2.1/../../../../arm-none-eabi/lib/armv7e-m/fpu\libc_nano.a(lib_a-memcpy-stub.o)
 .ARM.attributes
                0x00000632       0x34 c:/ac6/systemworkbench/plugins/fr.ac6.mcu.externaltools.arm-none.win32_1.7.0.201602121829/tools/compiler/bin/../lib/gcc/arm-none-eabi/5.2.1/../../../../arm-none-eabi/lib/armv7e-m/fpu\libc_nano.a(lib_a-memset.o)
 .ARM.attributes
                0x00000666       0x34 c:/ac6/systemworkbench/plugins/fr.ac6.mcu.externaltools.arm-none.win32_1.7.0.201602121829/tools/compiler/bin/../lib/gcc/arm-none-eabi/5.2.1/../../../../arm-none-eabi/lib/armv7e-m/fpu\libc_nano.a(lib_a-sprintf.o)
 .ARM.attributes
                0x0000069a       0x34 c:/ac6/systemworkbench/plugins/fr.ac6.mcu.externaltools.arm-none.win32_1.7.0.201602121829/tools/compiler/bin/../lib/gcc/arm-none-eabi/5.2.1/../../../../arm-none-eabi/lib/armv7e-m/fpu\libc_nano.a(lib_a-nano-svfprintf.o)
 .ARM.attributes
                0x000006ce       0x34 c:/ac6/systemworkbench/plugins/fr.ac6.mcu.externaltools.arm-none.win32_1.7.0.201602121829/tools/compiler/bin/../lib/gcc/arm-none-eabi/5.2.1/../../../../arm-none-eabi/lib/armv7e-m/fpu\libc_nano.a(lib_a-nano-vfprintf_i.o)
 .ARM.attributes
                0x00000702       0x20 c:/ac6/systemworkbench/plugins/fr.ac6.mcu.externaltools.arm-none.win32_1.7.0.201602121829/tools/compiler/bin/../lib/gcc/arm-none-eabi/5.2.1/../../../../arm-none-eabi/lib/armv7e-m/fpu\libc_nano.a(lib_a-memchr.o)
 .ARM.attributes
                0x00000722       0x34 c:/ac6/systemworkbench/plugins/fr.ac6.mcu.externaltools.arm-none.win32_1.7.0.201602121829/tools/compiler/bin/../lib/gcc/arm-none-eabi/5.2.1/../../../../arm-none-eabi/lib/armv7e-m/fpu\libc_nano.a(lib_a-memmove.o)
 .ARM.attributes
                0x00000756       0x34 c:/ac6/systemworkbench/plugins/fr.ac6.mcu.externaltools.arm-none.win32_1.7.0.201602121829/tools/compiler/bin/../lib/gcc/arm-none-eabi/5.2.1/../../../../arm-none-eabi/lib/armv7e-m/fpu\libc_nano.a(lib_a-nano-freer.o)
 .ARM.attributes
                0x0000078a       0x34 c:/ac6/systemworkbench/plugins/fr.ac6.mcu.externaltools.arm-none.win32_1.7.0.201602121829/tools/compiler/bin/../lib/gcc/arm-none-eabi/5.2.1/../../../../arm-none-eabi/lib/armv7e-m/fpu\libc_nano.a(lib_a-nano-mallocr.o)
 .ARM.attributes
                0x000007be       0x34 c:/ac6/systemworkbench/plugins/fr.ac6.mcu.externaltools.arm-none.win32_1.7.0.201602121829/tools/compiler/bin/../lib/gcc/arm-none-eabi/5.2.1/../../../../arm-none-eabi/lib/armv7e-m/fpu\libc_nano.a(lib_a-nano-reallocr.o)
 .ARM.attributes
                0x000007f2       0x34 c:/ac6/systemworkbench/plugins/fr.ac6.mcu.externaltools.arm-none.win32_1.7.0.201602121829/tools/compiler/bin/../lib/gcc/arm-none-eabi/5.2.1/../../../../arm-none-eabi/lib/armv7e-m/fpu\libc_nano.a(lib_a-sbrkr.o)
 .ARM.attributes
                0x00000826       0x34 c:/ac6/systemworkbench/plugins/fr.ac6.mcu.externaltools.arm-none.win32_1.7.0.201602121829/tools/compiler/bin/../lib/gcc/arm-none-eabi/5.2.1/../../../../arm-none-eabi/lib/armv7e-m/fpu\libc_nano.a(lib_a-nano-msizer.o)
 .ARM.attributes
                0x0000085a       0x34 c:/ac6/systemworkbench/plugins/fr.ac6.mcu.externaltools.arm-none.win32_1.7.0.201602121829/tools/compiler/bin/../lib/gcc/arm-none-eabi/5.2.1/../../../../arm-none-eabi/lib/armv7e-m/fpu\libc_nano.a(lib_a-reent.o)
 .ARM.attributes
                0x0000088e       0x34 c:/ac6/systemworkbench/plugins/fr.ac6.mcu.externaltools.arm-none.win32_1.7.0.201602121829/tools/compiler/bin/../lib/gcc/arm-none-eabi/5.2.1/../../../../arm-none-eabi/lib/armv7e-m/fpu\libnosys.a(sbrk.o)
 .ARM.attributes
                0x000008c2       0x34 c:/ac6/systemworkbench/plugins/fr.ac6.mcu.externaltools.arm-none.win32_1.7.0.201602121829/tools/compiler/bin/../lib/gcc/arm-none-eabi/5.2.1/armv7e-m/fpu/crtend.o
 .ARM.attributes
                0x000008f6       0x22 c:/ac6/systemworkbench/plugins/fr.ac6.mcu.externaltools.arm-none.win32_1.7.0.201602121829/tools/compiler/bin/../lib/gcc/arm-none-eabi/5.2.1/armv7e-m/fpu/crtn.o
OUTPUT(freertosdisco.elf elf32-littlearm)

.debug_info     0x00000000    0x13b91
 .debug_info    0x00000000      0x4a3 Src/dma.o
 .debug_info    0x000004a3      0xf1d Src/freertos.o
 .debug_info    0x000013c0      0x70e Src/gpio.o
 .debug_info    0x00001ace      0xc81 Src/main.o
 .debug_info    0x0000274f      0x364 Src/stm32f4xx_hal_msp.o
 .debug_info    0x00002ab3      0xadc Src/stm32f4xx_hal_timebase_TIM.o
 .debug_info    0x0000358f      0x883 Src/stm32f4xx_it.o
 .debug_info    0x00003e12      0xc51 Src/usart.o
 .debug_info    0x00004a63      0x2a5 Middlewares/Third_Party/FreeRTOS/Source/list.o
 .debug_info    0x00004d08     0x1678 Middlewares/Third_Party/FreeRTOS/Source/queue.o
 .debug_info    0x00006380     0x284c Middlewares/Third_Party/FreeRTOS/Source/tasks.o
 .debug_info    0x00008bcc      0x48a Middlewares/Third_Party/FreeRTOS/Source/portable/MemMang/heap_4.o
 .debug_info    0x00009056      0x55b Middlewares/Third_Party/FreeRTOS/Source/portable/GCC/ARM_CM4F/port.o
 .debug_info    0x000095b1     0x1b52 Middlewares/Third_Party/FreeRTOS/Source/CMSIS_RTOS/cmsis_os.o
 .debug_info    0x0000b103      0x874 Drivers/STM32F4xx_HAL_Driver/Src/stm32f4xx_hal.o
 .debug_info    0x0000b977      0xdda Drivers/STM32F4xx_HAL_Driver/Src/stm32f4xx_hal_cortex.o
 .debug_info    0x0000c751      0xa22 Drivers/STM32F4xx_HAL_Driver/Src/stm32f4xx_hal_dma.o
 .debug_info    0x0000d173      0x74b Drivers/STM32F4xx_HAL_Driver/Src/stm32f4xx_hal_gpio.o
 .debug_info    0x0000d8be      0xcac Drivers/STM32F4xx_HAL_Driver/Src/stm32f4xx_hal_rcc.o
 .debug_info    0x0000e56a     0x2ea2 Drivers/STM32F4xx_HAL_Driver/Src/stm32f4xx_hal_tim.o
 .debug_info    0x0001140c      0xf67 Drivers/STM32F4xx_HAL_Driver/Src/stm32f4xx_hal_tim_ex.o
 .debug_info    0x00012373     0x1288 Drivers/STM32F4xx_HAL_Driver/Src/stm32f4xx_hal_uart.o
 .debug_info    0x000135fb      0x4da Drivers/CMSIS/Device/ST/STM32F4xx/Source/Templates/system_stm32f4xx.o
 .debug_info    0x00013ad5       0xbc Drivers/CMSIS/Device/ST/STM32F4xx/Source/Templates/gcc/startup_stm32f411xe.o

.debug_abbrev   0x00000000     0x32f6
 .debug_abbrev  0x00000000      0x124 Src/dma.o
 .debug_abbrev  0x00000124      0x2a9 Src/freertos.o
 .debug_abbrev  0x000003cd      0x151 Src/gpio.o
 .debug_abbrev  0x0000051e      0x214 Src/main.o
 .debug_abbrev  0x00000732       0xc5 Src/stm32f4xx_hal_msp.o
 .debug_abbrev  0x000007f7      0x1e1 Src/stm32f4xx_hal_timebase_TIM.o
 .debug_abbrev  0x000009d8      0x167 Src/stm32f4xx_it.o
 .debug_abbrev  0x00000b3f      0x1bd Src/usart.o
 .debug_abbrev  0x00000cfc       0xdf Middlewares/Third_Party/FreeRTOS/Source/list.o
 .debug_abbrev  0x00000ddb      0x2d3 Middlewares/Third_Party/FreeRTOS/Source/queue.o
 .debug_abbrev  0x000010ae      0x397 Middlewares/Third_Party/FreeRTOS/Source/tasks.o
 .debug_abbrev  0x00001445      0x233 Middlewares/Third_Party/FreeRTOS/Source/portable/MemMang/heap_4.o
 .debug_abbrev  0x00001678      0x21e Middlewares/Third_Party/FreeRTOS/Source/portable/GCC/ARM_CM4F/port.o
 .debug_abbrev  0x00001896      0x37e Middlewares/Third_Party/FreeRTOS/Source/CMSIS_RTOS/cmsis_os.o
 .debug_abbrev  0x00001c14      0x272 Drivers/STM32F4xx_HAL_Driver/Src/stm32f4xx_hal.o
 .debug_abbrev  0x00001e86      0x332 Drivers/STM32F4xx_HAL_Driver/Src/stm32f4xx_hal_cortex.o
 .debug_abbrev  0x000021b8      0x299 Drivers/STM32F4xx_HAL_Driver/Src/stm32f4xx_hal_dma.o
 .debug_abbrev  0x00002451      0x1cb Drivers/STM32F4xx_HAL_Driver/Src/stm32f4xx_hal_gpio.o
 .debug_abbrev  0x0000261c      0x321 Drivers/STM32F4xx_HAL_Driver/Src/stm32f4xx_hal_rcc.o
 .debug_abbrev  0x0000293d      0x323 Drivers/STM32F4xx_HAL_Driver/Src/stm32f4xx_hal_tim.o
 .debug_abbrev  0x00002c60      0x282 Drivers/STM32F4xx_HAL_Driver/Src/stm32f4xx_hal_tim_ex.o
 .debug_abbrev  0x00002ee2      0x2fe Drivers/STM32F4xx_HAL_Driver/Src/stm32f4xx_hal_uart.o
 .debug_abbrev  0x000031e0      0x104 Drivers/CMSIS/Device/ST/STM32F4xx/Source/Templates/system_stm32f4xx.o
 .debug_abbrev  0x000032e4       0x12 Drivers/CMSIS/Device/ST/STM32F4xx/Source/Templates/gcc/startup_stm32f411xe.o

.debug_aranges  0x00000000      0xdf0
 .debug_aranges
                0x00000000       0x20 Src/dma.o
 .debug_aranges
                0x00000020       0x68 Src/freertos.o
 .debug_aranges
                0x00000088       0x20 Src/gpio.o
 .debug_aranges
                0x000000a8       0x38 Src/main.o
 .debug_aranges
                0x000000e0       0x20 Src/stm32f4xx_hal_msp.o
 .debug_aranges
                0x00000100       0x30 Src/stm32f4xx_hal_timebase_TIM.o
 .debug_aranges
                0x00000130       0x40 Src/stm32f4xx_it.o
 .debug_aranges
                0x00000170       0x38 Src/usart.o
 .debug_aranges
                0x000001a8       0x40 Middlewares/Third_Party/FreeRTOS/Source/list.o
 .debug_aranges
                0x000001e8       0xd0 Middlewares/Third_Party/FreeRTOS/Source/queue.o
 .debug_aranges
                0x000002b8      0x198 Middlewares/Third_Party/FreeRTOS/Source/tasks.o
 .debug_aranges
                0x00000450       0x48 Middlewares/Third_Party/FreeRTOS/Source/portable/MemMang/heap_4.o
 .debug_aranges
                0x00000498       0x80 Middlewares/Third_Party/FreeRTOS/Source/portable/GCC/ARM_CM4F/port.o
 .debug_aranges
                0x00000518      0x180 Middlewares/Third_Party/FreeRTOS/Source/CMSIS_RTOS/cmsis_os.o
 .debug_aranges
                0x00000698       0xb8 Drivers/STM32F4xx_HAL_Driver/Src/stm32f4xx_hal.o
 .debug_aranges
                0x00000750       0x98 Drivers/STM32F4xx_HAL_Driver/Src/stm32f4xx_hal_cortex.o
 .debug_aranges
                0x000007e8       0x80 Drivers/STM32F4xx_HAL_Driver/Src/stm32f4xx_hal_dma.o
 .debug_aranges
                0x00000868       0x58 Drivers/STM32F4xx_HAL_Driver/Src/stm32f4xx_hal_gpio.o
 .debug_aranges
                0x000008c0       0x80 Drivers/STM32F4xx_HAL_Driver/Src/stm32f4xx_hal_rcc.o
 .debug_aranges
                0x00000940      0x250 Drivers/STM32F4xx_HAL_Driver/Src/stm32f4xx_hal_tim.o
 .debug_aranges
                0x00000b90       0xf0 Drivers/STM32F4xx_HAL_Driver/Src/stm32f4xx_hal_tim_ex.o
 .debug_aranges
                0x00000c80      0x120 Drivers/STM32F4xx_HAL_Driver/Src/stm32f4xx_hal_uart.o
 .debug_aranges
                0x00000da0       0x28 Drivers/CMSIS/Device/ST/STM32F4xx/Source/Templates/system_stm32f4xx.o
 .debug_aranges
                0x00000dc8       0x28 Drivers/CMSIS/Device/ST/STM32F4xx/Source/Templates/gcc/startup_stm32f411xe.o

.debug_ranges   0x00000000     0x1130
 .debug_ranges  0x00000000       0x28 Src/dma.o
 .debug_ranges  0x00000028       0x70 Src/freertos.o
 .debug_ranges  0x00000098       0x50 Src/gpio.o
 .debug_ranges  0x000000e8       0x40 Src/main.o
 .debug_ranges  0x00000128       0x10 Src/stm32f4xx_hal_msp.o
 .debug_ranges  0x00000138       0x40 Src/stm32f4xx_hal_timebase_TIM.o
 .debug_ranges  0x00000178       0x30 Src/stm32f4xx_it.o
 .debug_ranges  0x000001a8       0x60 Src/usart.o
 .debug_ranges  0x00000208       0x30 Middlewares/Third_Party/FreeRTOS/Source/list.o
 .debug_ranges  0x00000238       0xc0 Middlewares/Third_Party/FreeRTOS/Source/queue.o
 .debug_ranges  0x000002f8      0x240 Middlewares/Third_Party/FreeRTOS/Source/tasks.o
 .debug_ranges  0x00000538       0x38 Middlewares/Third_Party/FreeRTOS/Source/portable/MemMang/heap_4.o
 .debug_ranges  0x00000570       0x70 Middlewares/Third_Party/FreeRTOS/Source/portable/GCC/ARM_CM4F/port.o
 .debug_ranges  0x000005e0      0x188 Middlewares/Third_Party/FreeRTOS/Source/CMSIS_RTOS/cmsis_os.o
 .debug_ranges  0x00000768       0xa8 Drivers/STM32F4xx_HAL_Driver/Src/stm32f4xx_hal.o
 .debug_ranges  0x00000810      0x148 Drivers/STM32F4xx_HAL_Driver/Src/stm32f4xx_hal_cortex.o
 .debug_ranges  0x00000958       0xa8 Drivers/STM32F4xx_HAL_Driver/Src/stm32f4xx_hal_dma.o
 .debug_ranges  0x00000a00       0x70 Drivers/STM32F4xx_HAL_Driver/Src/stm32f4xx_hal_gpio.o
 .debug_ranges  0x00000a70      0x150 Drivers/STM32F4xx_HAL_Driver/Src/stm32f4xx_hal_rcc.o
 .debug_ranges  0x00000bc0      0x330 Drivers/STM32F4xx_HAL_Driver/Src/stm32f4xx_hal_tim.o
 .debug_ranges  0x00000ef0       0xe0 Drivers/STM32F4xx_HAL_Driver/Src/stm32f4xx_hal_tim_ex.o
 .debug_ranges  0x00000fd0      0x128 Drivers/STM32F4xx_HAL_Driver/Src/stm32f4xx_hal_uart.o
 .debug_ranges  0x000010f8       0x18 Drivers/CMSIS/Device/ST/STM32F4xx/Source/Templates/system_stm32f4xx.o
 .debug_ranges  0x00001110       0x20 Drivers/CMSIS/Device/ST/STM32F4xx/Source/Templates/gcc/startup_stm32f411xe.o

.debug_macro    0x00000000    0x12608
 .debug_macro   0x00000000      0x2e8 Src/dma.o
 .debug_macro   0x000002e8      0x89e Src/dma.o
 .debug_macro   0x00000b86      0x166 Src/dma.o
 .debug_macro   0x00000cec      0x1b0 Src/dma.o
 .debug_macro   0x00000e9c       0x31 Src/dma.o
 .debug_macro   0x00000ecd       0x28 Src/dma.o
 .debug_macro   0x00000ef5       0x22 Src/dma.o
 .debug_macro   0x00000f17       0x44 Src/dma.o
 .debug_macro   0x00000f5b       0xfd Src/dma.o
 .debug_macro   0x00001058       0x22 Src/dma.o
 .debug_macro   0x0000107a      0x1df Src/dma.o
 .debug_macro   0x00001259       0x35 Src/dma.o
 .debug_macro   0x0000128e       0x50 Src/dma.o
 .debug_macro   0x000012de      0xe66 Src/dma.o
 .debug_macro   0x00002144     0x5102 Src/dma.o
 .debug_macro   0x00007246       0x43 Src/dma.o
 .debug_macro   0x00007289     0x347f Src/dma.o
 .debug_macro   0x0000a708       0x58 Src/dma.o
 .debug_macro   0x0000a760       0x35 Src/dma.o
 .debug_macro   0x0000a795       0x9c Src/dma.o
 .debug_macro   0x0000a831       0x16 Src/dma.o
 .debug_macro   0x0000a847       0x97 Src/dma.o
 .debug_macro   0x0000a8de      0x329 Src/dma.o
 .debug_macro   0x0000ac07       0xfd Src/dma.o
 .debug_macro   0x0000ad04       0x10 Src/dma.o
 .debug_macro   0x0000ad14       0x52 Src/dma.o
 .debug_macro   0x0000ad66       0x16 Src/dma.o
 .debug_macro   0x0000ad7c       0x43 Src/dma.o
 .debug_macro   0x0000adbf      0x187 Src/dma.o
 .debug_macro   0x0000af46       0x10 Src/dma.o
 .debug_macro   0x0000af56       0x22 Src/dma.o
 .debug_macro   0x0000af78       0x3a Src/dma.o
 .debug_macro   0x0000afb2       0x10 Src/dma.o
 .debug_macro   0x0000afc2       0x40 Src/dma.o
 .debug_macro   0x0000b002       0x65 Src/dma.o
 .debug_macro   0x0000b067       0x16 Src/dma.o
 .debug_macro   0x0000b07d      0x197 Src/dma.o
 .debug_macro   0x0000b214       0x50 Src/dma.o
 .debug_macro   0x0000b264      0x45c Src/dma.o
 .debug_macro   0x0000b6c0      0x9e1 Src/dma.o
 .debug_macro   0x0000c0a1      0x11e Src/dma.o
 .debug_macro   0x0000c1bf      0x11b Src/dma.o
 .debug_macro   0x0000c2da       0x27 Src/dma.o
 .debug_macro   0x0000c301      0x287 Src/dma.o
 .debug_macro   0x0000c588       0x5f Src/dma.o
 .debug_macro   0x0000c5e7      0x23a Src/dma.o
 .debug_macro   0x0000c821      0x13a Src/dma.o
 .debug_macro   0x0000c95b      0x264 Src/dma.o
 .debug_macro   0x0000cbbf       0x2e Src/dma.o
 .debug_macro   0x0000cbed      0x11e Src/dma.o
 .debug_macro   0x0000cd0b       0x85 Src/dma.o
 .debug_macro   0x0000cd90       0x89 Src/dma.o
 .debug_macro   0x0000ce19      0x6d9 Src/dma.o
 .debug_macro   0x0000d4f2       0x5b Src/dma.o
 .debug_macro   0x0000d54d      0x14d Src/dma.o
 .debug_macro   0x0000d69a      0x287 Src/dma.o
 .debug_macro   0x0000d921      0x11e Src/dma.o
 .debug_macro   0x0000da3f      0x3b9 Src/freertos.o
 .debug_macro   0x0000ddf8      0x174 Src/freertos.o
 .debug_macro   0x0000df6c       0xc6 Src/freertos.o
 .debug_macro   0x0000e032      0x15d Src/freertos.o
 .debug_macro   0x0000e18f       0xe4 Src/freertos.o
 .debug_macro   0x0000e273       0x10 Src/freertos.o
 .debug_macro   0x0000e283       0x1f Src/freertos.o
 .debug_macro   0x0000e2a2      0x3f4 Src/freertos.o
 .debug_macro   0x0000e696       0xc0 Src/freertos.o
 .debug_macro   0x0000e756       0x9a Src/freertos.o
 .debug_macro   0x0000e7f0       0x16 Src/freertos.o
 .debug_macro   0x0000e806       0x26 Src/freertos.o
 .debug_macro   0x0000e82c       0x91 Src/freertos.o
 .debug_macro   0x0000e8bd       0xb0 Src/freertos.o
 .debug_macro   0x0000e96d       0x7f Src/freertos.o
 .debug_macro   0x0000e9ec       0xcf Src/freertos.o
 .debug_macro   0x0000eabb      0x1b6 Src/freertos.o
 .debug_macro   0x0000ec71       0x3b Src/freertos.o
 .debug_macro   0x0000ecac       0x35 Src/freertos.o
 .debug_macro   0x0000ece1      0x2e8 Src/gpio.o
 .debug_macro   0x0000efc9      0x3bf Src/main.o
 .debug_macro   0x0000f388       0xcc Src/main.o
 .debug_macro   0x0000f454      0x2de Src/stm32f4xx_hal_msp.o
 .debug_macro   0x0000f732      0x2de Src/stm32f4xx_hal_timebase_TIM.o
 .debug_macro   0x0000fa10      0x3ab Src/stm32f4xx_it.o
 .debug_macro   0x0000fdbb      0x2fc Src/usart.o
 .debug_macro   0x000100b7      0x176 Middlewares/Third_Party/FreeRTOS/Source/list.o
 .debug_macro   0x0001022d      0x1e8 Middlewares/Third_Party/FreeRTOS/Source/queue.o
 .debug_macro   0x00010415       0x16 Middlewares/Third_Party/FreeRTOS/Source/queue.o
 .debug_macro   0x0001042b      0x224 Middlewares/Third_Party/FreeRTOS/Source/tasks.o
 .debug_macro   0x0001064f       0x11 Middlewares/Third_Party/FreeRTOS/Source/tasks.o
 .debug_macro   0x00010660      0x19d Middlewares/Third_Party/FreeRTOS/Source/portable/MemMang/heap_4.o
 .debug_macro   0x000107fd      0x197 Middlewares/Third_Party/FreeRTOS/Source/portable/GCC/ARM_CM4F/port.o
 .debug_macro   0x00010994      0x1d7 Middlewares/Third_Party/FreeRTOS/Source/CMSIS_RTOS/cmsis_os.o
 .debug_macro   0x00010b6b       0x10 Middlewares/Third_Party/FreeRTOS/Source/CMSIS_RTOS/cmsis_os.o
 .debug_macro   0x00010b7b      0x32c Drivers/STM32F4xx_HAL_Driver/Src/stm32f4xx_hal.o
 .debug_macro   0x00010ea7      0x2de Drivers/STM32F4xx_HAL_Driver/Src/stm32f4xx_hal_cortex.o
 .debug_macro   0x00011185      0x2e5 Drivers/STM32F4xx_HAL_Driver/Src/stm32f4xx_hal_dma.o
 .debug_macro   0x0001146a      0x316 Drivers/STM32F4xx_HAL_Driver/Src/stm32f4xx_hal_gpio.o
 .debug_macro   0x00011780      0x308 Drivers/STM32F4xx_HAL_Driver/Src/stm32f4xx_hal_rcc.o
 .debug_macro   0x00011a88      0x2df Drivers/STM32F4xx_HAL_Driver/Src/stm32f4xx_hal_tim.o
 .debug_macro   0x00011d67      0x2de Drivers/STM32F4xx_HAL_Driver/Src/stm32f4xx_hal_tim_ex.o
 .debug_macro   0x00012045      0x2df Drivers/STM32F4xx_HAL_Driver/Src/stm32f4xx_hal_uart.o
 .debug_macro   0x00012324      0x2e4 Drivers/CMSIS/Device/ST/STM32F4xx/Source/Templates/system_stm32f4xx.o

.debug_line     0x00000000     0xed35
 .debug_line    0x00000000      0x7e5 Src/dma.o
 .debug_line    0x000007e5      0xbb7 Src/freertos.o
 .debug_line    0x0000139c      0x893 Src/gpio.o
 .debug_line    0x00001c2f      0xa8f Src/main.o
 .debug_line    0x000026be      0x7ee Src/stm32f4xx_hal_msp.o
 .debug_line    0x00002eac      0x82a Src/stm32f4xx_hal_timebase_TIM.o
 .debug_line    0x000036d6      0xa6c Src/stm32f4xx_it.o
 .debug_line    0x00004142      0x8aa Src/usart.o
 .debug_line    0x000049ec      0x5a7 Middlewares/Third_Party/FreeRTOS/Source/list.o
 .debug_line    0x00004f93      0xa37 Middlewares/Third_Party/FreeRTOS/Source/queue.o
 .debug_line    0x000059ca      0xeae Middlewares/Third_Party/FreeRTOS/Source/tasks.o
 .debug_line    0x00006878      0x660 Middlewares/Third_Party/FreeRTOS/Source/portable/MemMang/heap_4.o
 .debug_line    0x00006ed8      0x632 Middlewares/Third_Party/FreeRTOS/Source/portable/GCC/ARM_CM4F/port.o
 .debug_line    0x0000750a      0xb50 Middlewares/Third_Party/FreeRTOS/Source/CMSIS_RTOS/cmsis_os.o
 .debug_line    0x0000805a      0x976 Drivers/STM32F4xx_HAL_Driver/Src/stm32f4xx_hal.o
 .debug_line    0x000089d0      0x9ea Drivers/STM32F4xx_HAL_Driver/Src/stm32f4xx_hal_cortex.o
 .debug_line    0x000093ba      0xafb Drivers/STM32F4xx_HAL_Driver/Src/stm32f4xx_hal_dma.o
 .debug_line    0x00009eb5      0x99f Drivers/STM32F4xx_HAL_Driver/Src/stm32f4xx_hal_gpio.o
 .debug_line    0x0000a854      0xaf7 Drivers/STM32F4xx_HAL_Driver/Src/stm32f4xx_hal_rcc.o
 .debug_line    0x0000b34b     0x159f Drivers/STM32F4xx_HAL_Driver/Src/stm32f4xx_hal_tim.o
 .debug_line    0x0000c8ea      0xbe2 Drivers/STM32F4xx_HAL_Driver/Src/stm32f4xx_hal_tim_ex.o
 .debug_line    0x0000d4cc      0xf75 Drivers/STM32F4xx_HAL_Driver/Src/stm32f4xx_hal_uart.o
 .debug_line    0x0000e441      0x846 Drivers/CMSIS/Device/ST/STM32F4xx/Source/Templates/system_stm32f4xx.o
 .debug_line    0x0000ec87       0xae Drivers/CMSIS/Device/ST/STM32F4xx/Source/Templates/gcc/startup_stm32f411xe.o

.debug_str      0x00000000    0x61f82
 .debug_str     0x00000000    0x56fdb Src/dma.o
                              0x57280 (size before relaxing)
 .debug_str     0x00056fdb     0x5e42 Src/freertos.o
                              0x5c8b6 (size before relaxing)
 .debug_str     0x0005ce1d       0x8d Src/gpio.o
                              0x56f94 (size before relaxing)
 .debug_str     0x0005ceaa      0x3a3 Src/main.o
                              0x5ce92 (size before relaxing)
 .debug_str     0x0005d24d       0x44 Src/stm32f4xx_hal_msp.o
                              0x5717a (size before relaxing)
 .debug_str     0x0005d291      0x10a Src/stm32f4xx_hal_timebase_TIM.o
                              0x577f1 (size before relaxing)
 .debug_str     0x0005d39b       0xe7 Src/stm32f4xx_it.o
                              0x5c9e9 (size before relaxing)
 .debug_str     0x0005d482       0x8c Src/usart.o
                              0x57804 (size before relaxing)
 .debug_str     0x0005d50e      0x236 Middlewares/Third_Party/FreeRTOS/Source/list.o
                               0x928b (size before relaxing)
 .debug_str     0x0005d744      0x891 Middlewares/Third_Party/FreeRTOS/Source/queue.o
                               0xac63 (size before relaxing)
 .debug_str     0x0005dfd5     0x105e Middlewares/Third_Party/FreeRTOS/Source/tasks.o
                               0xb4d6 (size before relaxing)
 .debug_str     0x0005f033      0x243 Middlewares/Third_Party/FreeRTOS/Source/portable/MemMang/heap_4.o
                               0x9b7d (size before relaxing)
 .debug_str     0x0005f276      0x768 Middlewares/Third_Party/FreeRTOS/Source/portable/GCC/ARM_CM4F/port.o
                               0x79e9 (size before relaxing)
 .debug_str     0x0005f9de      0x58e Middlewares/Third_Party/FreeRTOS/Source/CMSIS_RTOS/cmsis_os.o
                               0xc315 (size before relaxing)
 .debug_str     0x0005ff6c      0x432 Drivers/STM32F4xx_HAL_Driver/Src/stm32f4xx_hal.o
                              0x57821 (size before relaxing)
 .debug_str     0x0006039e      0x341 Drivers/STM32F4xx_HAL_Driver/Src/stm32f4xx_hal_cortex.o
                              0x5767a (size before relaxing)
 .debug_str     0x000606df      0x2ef Drivers/STM32F4xx_HAL_Driver/Src/stm32f4xx_hal_dma.o
                              0x5738f (size before relaxing)
 .debug_str     0x000609ce      0x224 Drivers/STM32F4xx_HAL_Driver/Src/stm32f4xx_hal_gpio.o
                              0x5720e (size before relaxing)
 .debug_str     0x00060bf2      0x1f9 Drivers/STM32F4xx_HAL_Driver/Src/stm32f4xx_hal_rcc.o
                              0x5739d (size before relaxing)
 .debug_str     0x00060deb      0xa47 Drivers/STM32F4xx_HAL_Driver/Src/stm32f4xx_hal_tim.o
                              0x57d0a (size before relaxing)
 .debug_str     0x00061832      0x419 Drivers/STM32F4xx_HAL_Driver/Src/stm32f4xx_hal_tim_ex.o
                              0x57759 (size before relaxing)
 .debug_str     0x00061c4b      0x2ae Drivers/STM32F4xx_HAL_Driver/Src/stm32f4xx_hal_uart.o
                              0x57602 (size before relaxing)
 .debug_str     0x00061ef9       0x89 Drivers/CMSIS/Device/ST/STM32F4xx/Source/Templates/system_stm32f4xx.o
                              0x56fb7 (size before relaxing)

.comment        0x00000000       0x6e
 .comment       0x00000000       0x6e Src/dma.o
                                 0x6f (size before relaxing)
 .comment       0x0000006e       0x6f Src/freertos.o
 .comment       0x0000006e       0x6f Src/gpio.o
 .comment       0x0000006e       0x6f Src/main.o
 .comment       0x0000006e       0x6f Src/stm32f4xx_hal_msp.o
 .comment       0x0000006e       0x6f Src/stm32f4xx_hal_timebase_TIM.o
 .comment       0x0000006e       0x6f Src/stm32f4xx_it.o
 .comment       0x0000006e       0x6f Src/usart.o
 .comment       0x0000006e       0x6f Middlewares/Third_Party/FreeRTOS/Source/list.o
 .comment       0x0000006e       0x6f Middlewares/Third_Party/FreeRTOS/Source/queue.o
 .comment       0x0000006e       0x6f Middlewares/Third_Party/FreeRTOS/Source/tasks.o
 .comment       0x0000006e       0x6f Middlewares/Third_Party/FreeRTOS/Source/portable/MemMang/heap_4.o
 .comment       0x0000006e       0x6f Middlewares/Third_Party/FreeRTOS/Source/portable/GCC/ARM_CM4F/port.o
 .comment       0x0000006e       0x6f Middlewares/Third_Party/FreeRTOS/Source/CMSIS_RTOS/cmsis_os.o
 .comment       0x0000006e       0x6f Drivers/STM32F4xx_HAL_Driver/Src/stm32f4xx_hal.o
 .comment       0x0000006e       0x6f Drivers/STM32F4xx_HAL_Driver/Src/stm32f4xx_hal_cortex.o
 .comment       0x0000006e       0x6f Drivers/STM32F4xx_HAL_Driver/Src/stm32f4xx_hal_dma.o
 .comment       0x0000006e       0x6f Drivers/STM32F4xx_HAL_Driver/Src/stm32f4xx_hal_gpio.o
 .comment       0x0000006e       0x6f Drivers/STM32F4xx_HAL_Driver/Src/stm32f4xx_hal_rcc.o
 .comment       0x0000006e       0x6f Drivers/STM32F4xx_HAL_Driver/Src/stm32f4xx_hal_tim.o
 .comment       0x0000006e       0x6f Drivers/STM32F4xx_HAL_Driver/Src/stm32f4xx_hal_tim_ex.o
 .comment       0x0000006e       0x6f Drivers/STM32F4xx_HAL_Driver/Src/stm32f4xx_hal_uart.o
 .comment       0x0000006e       0x6f Drivers/CMSIS/Device/ST/STM32F4xx/Source/Templates/system_stm32f4xx.o

.debug_frame    0x00000000     0x2a60
 .debug_frame   0x00000000       0x28 Src/dma.o
 .debug_frame   0x00000028      0x110 Src/freertos.o
 .debug_frame   0x00000138       0x40 Src/gpio.o
 .debug_frame   0x00000178       0x6c Src/main.o
 .debug_frame   0x000001e4       0x2c Src/stm32f4xx_hal_msp.o
 .debug_frame   0x00000210       0x50 Src/stm32f4xx_hal_timebase_TIM.o
 .debug_frame   0x00000260       0x60 Src/stm32f4xx_it.o
 .debug_frame   0x000002c0       0x98 Src/usart.o
 .debug_frame   0x00000358       0x6c Middlewares/Third_Party/FreeRTOS/Source/list.o
 .debug_frame   0x000003c4      0x270 Middlewares/Third_Party/FreeRTOS/Source/queue.o
 .debug_frame   0x00000634      0x598 Middlewares/Third_Party/FreeRTOS/Source/tasks.o
 .debug_frame   0x00000bcc       0xa4 Middlewares/Third_Party/FreeRTOS/Source/portable/MemMang/heap_4.o
 .debug_frame   0x00000c70       0xf0 Middlewares/Third_Party/FreeRTOS/Source/portable/GCC/ARM_CM4F/port.o
 .debug_frame   0x00000d60      0x468 Middlewares/Third_Party/FreeRTOS/Source/CMSIS_RTOS/cmsis_os.o
 .debug_frame   0x000011c8      0x184 Drivers/STM32F4xx_HAL_Driver/Src/stm32f4xx_hal.o
 .debug_frame   0x0000134c      0x130 Drivers/STM32F4xx_HAL_Driver/Src/stm32f4xx_hal_cortex.o
 .debug_frame   0x0000147c      0x154 Drivers/STM32F4xx_HAL_Driver/Src/stm32f4xx_hal_dma.o
 .debug_frame   0x000015d0       0xd4 Drivers/STM32F4xx_HAL_Driver/Src/stm32f4xx_hal_gpio.o
 .debug_frame   0x000016a4      0x138 Drivers/STM32F4xx_HAL_Driver/Src/stm32f4xx_hal_rcc.o
 .debug_frame   0x000017dc      0x854 Drivers/STM32F4xx_HAL_Driver/Src/stm32f4xx_hal_tim.o
 .debug_frame   0x00002030      0x334 Drivers/STM32F4xx_HAL_Driver/Src/stm32f4xx_hal_tim_ex.o
 .debug_frame   0x00002364      0x374 Drivers/STM32F4xx_HAL_Driver/Src/stm32f4xx_hal_uart.o
 .debug_frame   0x000026d8       0x30 Drivers/CMSIS/Device/ST/STM32F4xx/Source/Templates/system_stm32f4xx.o
 .debug_frame   0x00002708       0x2c c:/ac6/systemworkbench/plugins/fr.ac6.mcu.externaltools.arm-none.win32_1.7.0.201602121829/tools/compiler/bin/../lib/gcc/arm-none-eabi/5.2.1/../../../../arm-none-eabi/lib/armv7e-m/fpu\libc_nano.a(lib_a-init.o)
 .debug_frame   0x00002734       0x28 c:/ac6/systemworkbench/plugins/fr.ac6.mcu.externaltools.arm-none.win32_1.7.0.201602121829/tools/compiler/bin/../lib/gcc/arm-none-eabi/5.2.1/../../../../arm-none-eabi/lib/armv7e-m/fpu\libc_nano.a(lib_a-memcpy-stub.o)
 .debug_frame   0x0000275c       0x20 c:/ac6/systemworkbench/plugins/fr.ac6.mcu.externaltools.arm-none.win32_1.7.0.201602121829/tools/compiler/bin/../lib/gcc/arm-none-eabi/5.2.1/../../../../arm-none-eabi/lib/armv7e-m/fpu\libc_nano.a(lib_a-memset.o)
 .debug_frame   0x0000277c       0x70 c:/ac6/systemworkbench/plugins/fr.ac6.mcu.externaltools.arm-none.win32_1.7.0.201602121829/tools/compiler/bin/../lib/gcc/arm-none-eabi/5.2.1/../../../../arm-none-eabi/lib/armv7e-m/fpu\libc_nano.a(lib_a-sprintf.o)
 .debug_frame   0x000027ec       0x90 c:/ac6/systemworkbench/plugins/fr.ac6.mcu.externaltools.arm-none.win32_1.7.0.201602121829/tools/compiler/bin/../lib/gcc/arm-none-eabi/5.2.1/../../../../arm-none-eabi/lib/armv7e-m/fpu\libc_nano.a(lib_a-nano-svfprintf.o)
 .debug_frame   0x0000287c       0x60 c:/ac6/systemworkbench/plugins/fr.ac6.mcu.externaltools.arm-none.win32_1.7.0.201602121829/tools/compiler/bin/../lib/gcc/arm-none-eabi/5.2.1/../../../../arm-none-eabi/lib/armv7e-m/fpu\libc_nano.a(lib_a-nano-vfprintf_i.o)
 .debug_frame   0x000028dc       0x28 c:/ac6/systemworkbench/plugins/fr.ac6.mcu.externaltools.arm-none.win32_1.7.0.201602121829/tools/compiler/bin/../lib/gcc/arm-none-eabi/5.2.1/../../../../arm-none-eabi/lib/armv7e-m/fpu\libc_nano.a(lib_a-memmove.o)
 .debug_frame   0x00002904       0x2c c:/ac6/systemworkbench/plugins/fr.ac6.mcu.externaltools.arm-none.win32_1.7.0.201602121829/tools/compiler/bin/../lib/gcc/arm-none-eabi/5.2.1/../../../../arm-none-eabi/lib/armv7e-m/fpu\libc_nano.a(lib_a-nano-freer.o)
 .debug_frame   0x00002930       0x2c c:/ac6/systemworkbench/plugins/fr.ac6.mcu.externaltools.arm-none.win32_1.7.0.201602121829/tools/compiler/bin/../lib/gcc/arm-none-eabi/5.2.1/../../../../arm-none-eabi/lib/armv7e-m/fpu\libc_nano.a(lib_a-nano-mallocr.o)
 .debug_frame   0x0000295c       0x3c c:/ac6/systemworkbench/plugins/fr.ac6.mcu.externaltools.arm-none.win32_1.7.0.201602121829/tools/compiler/bin/../lib/gcc/arm-none-eabi/5.2.1/../../../../arm-none-eabi/lib/armv7e-m/fpu\libc_nano.a(lib_a-nano-reallocr.o)
 .debug_frame   0x00002998       0x2c c:/ac6/systemworkbench/plugins/fr.ac6.mcu.externaltools.arm-none.win32_1.7.0.201602121829/tools/compiler/bin/../lib/gcc/arm-none-eabi/5.2.1/../../../../arm-none-eabi/lib/armv7e-m/fpu\libc_nano.a(lib_a-sbrkr.o)
 .debug_frame   0x000029c4       0x20 c:/ac6/systemworkbench/plugins/fr.ac6.mcu.externaltools.arm-none.win32_1.7.0.201602121829/tools/compiler/bin/../lib/gcc/arm-none-eabi/5.2.1/../../../../arm-none-eabi/lib/armv7e-m/fpu\libc_nano.a(lib_a-nano-msizer.o)
 .debug_frame   0x000029e4       0x5c c:/ac6/systemworkbench/plugins/fr.ac6.mcu.externaltools.arm-none.win32_1.7.0.201602121829/tools/compiler/bin/../lib/gcc/arm-none-eabi/5.2.1/../../../../arm-none-eabi/lib/armv7e-m/fpu\libc_nano.a(lib_a-reent.o)
 .debug_frame   0x00002a40       0x20 c:/ac6/systemworkbench/plugins/fr.ac6.mcu.externaltools.arm-none.win32_1.7.0.201602121829/tools/compiler/bin/../lib/gcc/arm-none-eabi/5.2.1/../../../../arm-none-eabi/lib/armv7e-m/fpu\libnosys.a(sbrk.o)

.debug_loc      0x00000000     0x9a0e
 .debug_loc     0x00000000      0x154 Src/freertos.o
 .debug_loc     0x00000154       0x2c Src/main.o
 .debug_loc     0x00000180       0xa5 Src/stm32f4xx_hal_timebase_TIM.o
 .debug_loc     0x00000225       0x8f Src/usart.o
 .debug_loc     0x000002b4       0x94 Middlewares/Third_Party/FreeRTOS/Source/list.o
 .debug_loc     0x00000348      0xa46 Middlewares/Third_Party/FreeRTOS/Source/queue.o
 .debug_loc     0x00000d8e     0x18bc Middlewares/Third_Party/FreeRTOS/Source/tasks.o
 .debug_loc     0x0000264a      0x389 Middlewares/Third_Party/FreeRTOS/Source/portable/MemMang/heap_4.o
 .debug_loc     0x000029d3       0xae Middlewares/Third_Party/FreeRTOS/Source/portable/GCC/ARM_CM4F/port.o
 .debug_loc     0x00002a81      0xfd6 Middlewares/Third_Party/FreeRTOS/Source/CMSIS_RTOS/cmsis_os.o
 .debug_loc     0x00003a57       0x92 Drivers/STM32F4xx_HAL_Driver/Src/stm32f4xx_hal.o
 .debug_loc     0x00003ae9      0x4ab Drivers/STM32F4xx_HAL_Driver/Src/stm32f4xx_hal_cortex.o
 .debug_loc     0x00003f94      0x755 Drivers/STM32F4xx_HAL_Driver/Src/stm32f4xx_hal_dma.o
 .debug_loc     0x000046e9      0x370 Drivers/STM32F4xx_HAL_Driver/Src/stm32f4xx_hal_gpio.o
 .debug_loc     0x00004a59      0x49b Drivers/STM32F4xx_HAL_Driver/Src/stm32f4xx_hal_rcc.o
 .debug_loc     0x00004ef4     0x30f6 Drivers/STM32F4xx_HAL_Driver/Src/stm32f4xx_hal_tim.o
 .debug_loc     0x00007fea      0x7b9 Drivers/STM32F4xx_HAL_Driver/Src/stm32f4xx_hal_tim_ex.o
 .debug_loc     0x000087a3     0x1194 Drivers/STM32F4xx_HAL_Driver/Src/stm32f4xx_hal_uart.o
 .debug_loc     0x00009937       0xd7 Drivers/CMSIS/Device/ST/STM32F4xx/Source/Templates/system_stm32f4xx.o
